Archive member included to satisfy reference by file (symbol)

/Applications/VEXcode Pro V5.app/Contents/Resources/sdk/vexv5/libv5rt.a(v5_startup.c.obj)
                              (vexStartup)
/Applications/VEXcode Pro V5.app/Contents/Resources/sdk/vexv5/libv5rt.a(v5_util.c.obj)
                              /Applications/VEXcode Pro V5.app/Contents/Resources/sdk/vexv5/libv5rt.a(v5_startup.c.obj) (vexStdlibVersionLinked)
/Applications/VEXcode Pro V5.app/Contents/Resources/sdk/vexv5/libv5rt.a(v5_apijump.c.obj)
                              /Applications/VEXcode Pro V5.app/Contents/Resources/sdk/vexv5/libv5rt.a(v5_startup.c.obj) (vexPrivateApiEnable)
/Applications/VEXcode Pro V5.app/Contents/Resources/sdk/vexv5/libv5rt.a(v5_apiversions.c.obj)
                              /Applications/VEXcode Pro V5.app/Contents/Resources/sdk/vexv5/libv5rt.a(v5_apijump.c.obj) (vexSystemVersion)
/Applications/VEXcode Pro V5.app/Contents/Resources/sdk/vexv5/libv5rt.a(vex_global.cpp.obj)
                              build/src/auton-sets.o (vex::wait(double, vex::timeUnits))
/Applications/VEXcode Pro V5.app/Contents/Resources/sdk/vexv5/libv5rt.a(vex_motor.cpp.obj)
                              build/src/robot-config.o (vex::motor::~motor())
/Applications/VEXcode Pro V5.app/Contents/Resources/sdk/vexv5/libv5rt.a(vex_imu.cpp.obj)
                              build/src/robot-config.o (vex::inertial::~inertial())
/Applications/VEXcode Pro V5.app/Contents/Resources/sdk/vexv5/libv5rt.a(vex_rotation.cpp.obj)
                              build/src/robot-config.o (vex::rotation::~rotation())
/Applications/VEXcode Pro V5.app/Contents/Resources/sdk/vexv5/libv5rt.a(vex_controller.cpp.obj)
                              build/src/robot-config.o (vex::controller::~controller())
/Applications/VEXcode Pro V5.app/Contents/Resources/sdk/vexv5/libv5rt.a(vex_task.cpp.obj)
                              build/src/auton-sets.o (vex::task::task(int (*)()))
/Applications/VEXcode Pro V5.app/Contents/Resources/sdk/vexv5/libv5rt.a(vex_thread.cpp.obj)
                              /Applications/VEXcode Pro V5.app/Contents/Resources/sdk/vexv5/libv5rt.a(vex_global.cpp.obj) (vex::this_thread::sleep_for(unsigned long))
/Applications/VEXcode Pro V5.app/Contents/Resources/sdk/vexv5/libv5rt.a(vex_event.cpp.obj)
                              /Applications/VEXcode Pro V5.app/Contents/Resources/sdk/vexv5/libv5rt.a(vex_imu.cpp.obj) (vex::event::init(unsigned long, unsigned long, void (*)()))
/Applications/VEXcode Pro V5.app/Contents/Resources/sdk/vexv5/libv5rt.a(vex_mevent.cpp.obj)
                              /Applications/VEXcode Pro V5.app/Contents/Resources/sdk/vexv5/libv5rt.a(vex_controller.cpp.obj) (vex::mevent::mevent(unsigned long, unsigned long))
/Applications/VEXcode Pro V5.app/Contents/Resources/sdk/vexv5/libv5rt.a(vex_brain.cpp.obj)
                              build/src/robot-config.o (vex::brain::brain())
/Applications/VEXcode Pro V5.app/Contents/Resources/sdk/vexv5/libv5rt.a(vex_competition.cpp.obj)
                              build/src/main.o (vex::competition::competition())
/Applications/VEXcode Pro V5.app/Contents/Resources/sdk/vexv5/libv5rt.a(vex_triport.cpp.obj)
                              /Applications/VEXcode Pro V5.app/Contents/Resources/sdk/vexv5/libv5rt.a(vex_brain.cpp.obj) (vex::triport::~triport())
/Applications/VEXcode Pro V5.app/Contents/Resources/sdk/vexv5/libv5rt.a(vex_color.cpp.obj)
                              /Applications/VEXcode Pro V5.app/Contents/Resources/sdk/vexv5/libv5rt.a(vex_brain.cpp.obj) (vex::color::operator unsigned long() const)
/Applications/VEXcode Pro V5.app/Contents/Resources/sdk/vexv5/libv5rt.a(vex_timer.cpp.obj)
                              build/src/robot-config.o (vex::timer::~timer())
/Applications/VEXcode Pro V5.app/Contents/Resources/sdk/vexv5/libv5rt.a(vex_motorgroup.cpp.obj)
                              build/src/robot-config.o (vex::motor_group::motor_group())
/Applications/VEXcode Pro V5.app/Contents/Resources/sdk/vexv5/libv5rt.a(v5_apiuser.c.obj)
                              /Applications/VEXcode Pro V5.app/Contents/Resources/sdk/vexv5/libv5rt.a(vex_triport.cpp.obj) (vexAdiPortConfigSet)
/Applications/VEXcode Pro V5.app/Contents/Resources/sdk/vexv5/libv5rt.a(vex_device.cpp.obj)
                              /Applications/VEXcode Pro V5.app/Contents/Resources/sdk/vexv5/libv5rt.a(vex_motor.cpp.obj) (vex::device::~device())
/Applications/VEXcode Pro V5.app/Contents/Resources/sdk/vexv5/gcc/libs/libc.a(lib_a-fini.o)
                              /Applications/VEXcode Pro V5.app/Contents/Resources/sdk/vexv5/libv5rt.a(v5_startup.c.obj) (__libc_fini_array)
/Applications/VEXcode Pro V5.app/Contents/Resources/sdk/vexv5/gcc/libs/libc.a(lib_a-impure.o)
                              /Applications/VEXcode Pro V5.app/Contents/Resources/sdk/vexv5/libv5rt.a(v5_startup.c.obj) (_impure_ptr)
/Applications/VEXcode Pro V5.app/Contents/Resources/sdk/vexv5/gcc/libs/libc.a(lib_a-init.o)
[...]
Memory Configuration

Name             Origin             Length             Attributes
ps7_ddr_0_S_AXI_BASEADDR 0x0000000003800000 0x0000000004800000
*default*        0x0000000000000000 0xffffffffffffffff

Linker script and memory map

                0x0000000000002000                _STACK_SIZE = DEFINED (_STACK_SIZE)?_STACK_SIZE:0x2000
                0x0000000000100000                _HEAP_SIZE = DEFINED (_HEAP_SIZE)?_HEAP_SIZE:0x100000
                0x0000000000000400                _ABORT_STACK_SIZE = DEFINED (_ABORT_STACK_SIZE)?_ABORT_STACK_SIZE:0x400
                0x0000000000000800                _SUPERVISOR_STACK_SIZE = DEFINED (_SUPERVISOR_STACK_SIZE)?_SUPERVISOR_STACK_SIZE:0x800
                0x0000000000000400                _IRQ_STACK_SIZE = DEFINED (_IRQ_STACK_SIZE)?_IRQ_STACK_SIZE:0x400
                0x0000000000000400                _FIQ_STACK_SIZE = DEFINED (_FIQ_STACK_SIZE)?_FIQ_STACK_SIZE:0x400
                0x0000000000000400                _UNDEF_STACK_SIZE = DEFINED (_UNDEF_STACK_SIZE)?_UNDEF_STACK_SIZE:0x400

.text           0x0000000003800000     0x4a98
 *(.vectors)
 *(.boot_data)
 .boot_data     0x0000000003800000       0x20 /Applications/VEXcode Pro V5.app/Contents/Resources/sdk/vexv5/libv5rt.a(v5_startup.c.obj)
                0x0000000003800000                vexCodeSig
                0x0000000000000020                . = 0x20
 *(.boot)
 .boot          0x0000000003800020       0xbc /Applications/VEXcode Pro V5.app/Contents/Resources/sdk/vexv5/libv5rt.a(v5_startup.c.obj)
                0x0000000003800020                vexStartup
                0x0000000003800100                . = ALIGN (0x40)
 *fill*         0x00000000038000dc       0x24 
 *(.freertos_vectors)
 *(.text)
 *(.text.*)
 .text._Z6skillsv
                0x0000000003800100      0x4d0 build/src/auton-sets.o
                0x0000000003800100                skills()
 .text._Z4testv
                0x00000000038005d0       0xb0 build/src/auton-sets.o
                0x00000000038005d0                test()
 .text._Z10autonomousv
                0x0000000003800680       0x4c build/src/main.o
                0x0000000003800680                autonomous()
 .text._Z11usercontrolv
                0x00000000038006cc      0x620 build/src/main.o
                0x00000000038006cc                usercontrol()
 .text.main     0x0000000003800cec       0x70 build/src/main.o
                0x0000000003800cec                main
 .text._GLOBAL__sub_I_main.cpp
                0x0000000003800d5c       0x34 build/src/main.o
 .text._Z4lifti
                0x0000000003800d90       0x70 build/src/mech-lib.o
                0x0000000003800d90                lift(int)
 .text._Z6twoBarb
                0x0000000003800e00       0x48 build/src/mech-lib.o
                0x0000000003800e00                twoBar(bool)
 .text._Z8frontMOGb
                0x0000000003800e48       0x2c build/src/mech-lib.o
                0x0000000003800e48                frontMOG(bool)
 .text._Z4hangv
                0x0000000003800e74       0x54 build/src/mech-lib.o
                0x0000000003800e74                hang()
 .text._Z8waitLiftv
                0x0000000003800ec8       0x68 build/src/mech-lib.o
                0x0000000003800ec8                waitLift()
 .text._Z4Liftv
                0x0000000003800f30      0x198 build/src/mech-lib.o
                0x0000000003800f30                Lift()
 .text._ZN3vex11motor_groupC2IJNS_5motorES2_EEERS2_DpRT_
                0x00000000038010c8       0x44 build/src/robot-config.o
                0x00000000038010c8                vex::motor_group::motor_group<vex::motor, vex::motor>(vex::motor&, vex::motor&, vex::motor&)
 *fill*         0x000000000380110c        0x4 
 .text._Z11vexcodeInitv
                0x0000000003801110      0x108 build/src/robot-config.o
                0x0000000003801110                vexcodeInit()
 .text._GLOBAL__sub_I_robot_config.cpp
                0x0000000003801218      0x448 build/src/robot-config.o
 .text._Z8baseMoveddd
                0x0000000003801660       0x7c build/src/8059SimplePIDSrc/Control.o
                0x0000000003801660                baseMove(double, double, double)
 .text._Z8baseTurnddd
                0x00000000038016dc       0x3c build/src/8059SimplePIDSrc/Control.o
                0x00000000038016dc                baseTurn(double, double, double)
 .text._Z11resetCoordsddd
                0x0000000003801718       0x70 build/src/8059SimplePIDSrc/Control.o
                0x0000000003801718                resetCoords(double, double, double)
 .text._Z8waitBased
                0x0000000003801788      0x1a8 build/src/8059SimplePIDSrc/Control.o
                0x0000000003801788                waitBase(double)
 .text._Z7Controlv
                0x0000000003801930      0x348 build/src/8059SimplePIDSrc/Control.o
                0x0000000003801930                Control()
 .text._Z8resetRotv
                0x0000000003801c78       0x90 build/src/8059SimplePIDSrc/Control.o
                0x0000000003801c78                resetRot()
 .text._GLOBAL__sub_I_Control.cpp
                0x0000000003801d08       0x4c build/src/8059SimplePIDSrc/Control.o
 .text._Z6abscapdd
                0x0000000003801d54       0x34 build/src/8059SimplePIDSrc/Math.o
                0x0000000003801d54                abscap(double, double)
 .text._Z9setCoordsddd
                0x0000000003801d88       0x2c build/src/8059SimplePIDSrc/Odom.o
                0x0000000003801d88                setCoords(double, double, double)
 *fill*         0x0000000003801db4        0x4 
 .text._Z8Odometryv
                0x0000000003801db8      0x140 build/src/8059SimplePIDSrc/Odom.o
                0x0000000003801db8                Odometry()
 .text._Z13resetPrevEncdv
                0x0000000003801ef8       0x28 build/src/8059SimplePIDSrc/Odom.o
                0x0000000003801ef8                resetPrevEncd()
 .text._Z7Sensorsv
                0x0000000003801f20      0x170 build/src/8059SimplePIDSrc/Sensors.o
                0x0000000003801f20                Sensors()
 .text.vexMain  0x0000000003802090       0xb0 /Applications/VEXcode Pro V5.app/Contents/Resources/sdk/vexv5/libv5rt.a(v5_startup.c.obj)
                0x0000000003802090                vexMain
 .text.__vex_function_prolog
                0x0000000003802140       0x18 /Applications/VEXcode Pro V5.app/Contents/Resources/sdk/vexv5/libv5rt.a(v5_startup.c.obj)
                0x0000000003802140                __vex_function_prolog
 .text._init    0x0000000003802158        0x4 /Applications/VEXcode Pro V5.app/Contents/Resources/sdk/vexv5/libv5rt.a(v5_startup.c.obj)
                0x0000000003802158                _init
 .text._fini    0x000000000380215c        0x4 /Applications/VEXcode Pro V5.app/Contents/Resources/sdk/vexv5/libv5rt.a(v5_startup.c.obj)
                0x000000000380215c                _fini
 .text.vexStdlibVersionLinked
                0x0000000003802160        0xc /Applications/VEXcode Pro V5.app/Contents/Resources/sdk/vexv5/libv5rt.a(v5_util.c.obj)
                0x0000000003802160                vexStdlibVersionLinked
 .text.vexStdlibVersionVerify
                0x000000000380216c       0x30 /Applications/VEXcode Pro V5.app/Contents/Resources/sdk/vexv5/libv5rt.a(v5_util.c.obj)
                0x000000000380216c                vexStdlibVersionVerify
 .text.vexPrivateApiEnable
                0x000000000380219c       0x10 /Applications/VEXcode Pro V5.app/Contents/Resources/sdk/vexv5/libv5rt.a(v5_apijump.c.obj)
                0x000000000380219c                vexPrivateApiEnable
 .text.vexStdlibMismatchError
                0x00000000038021ac       0x3c /Applications/VEXcode Pro V5.app/Contents/Resources/sdk/vexv5/libv5rt.a(v5_apijump.c.obj)
                0x00000000038021ac                vexStdlibMismatchError
 .text.vexTaskAdd
                0x00000000038021e8       0x10 /Applications/VEXcode Pro V5.app/Contents/Resources/sdk/vexv5/libv5rt.a(v5_apijump.c.obj)
                0x00000000038021e8                vexTaskAdd
 .text.vexTasksRun
                0x00000000038021f8       0x10 /Applications/VEXcode Pro V5.app/Contents/Resources/sdk/vexv5/libv5rt.a(v5_apijump.c.obj)
                0x00000000038021f8                vexTasksRun
 .text.vexTaskYield
                0x0000000003802208       0x10 /Applications/VEXcode Pro V5.app/Contents/Resources/sdk/vexv5/libv5rt.a(v5_apijump.c.obj)
                0x0000000003802208                vexTaskYield
 .text.vexTaskCheckTimeslice
                0x0000000003802218       0x10 /Applications/VEXcode Pro V5.app/Contents/Resources/sdk/vexv5/libv5rt.a(v5_apijump.c.obj)
                0x0000000003802218                vexTaskCheckTimeslice
 .text.vexTaskSleep
                0x0000000003802228       0x10 /Applications/VEXcode Pro V5.app/Contents/Resources/sdk/vexv5/libv5rt.a(v5_apijump.c.obj)
                0x0000000003802228                vexTaskSleep
 .text.vexTasksDump
                0x0000000003802238       0x1c /Applications/VEXcode Pro V5.app/Contents/Resources/sdk/vexv5/libv5rt.a(v5_apijump.c.obj)
                0x0000000003802238                vexTasksDump
 .text.vexTaskGetTaskIndex
                0x0000000003802254       0x10 /Applications/VEXcode Pro V5.app/Contents/Resources/sdk/vexv5/libv5rt.a(v5_apijump.c.obj)
                0x0000000003802254                vexTaskGetTaskIndex
 .text.vexTaskStopAll
                0x0000000003802264       0x10 /Applications/VEXcode Pro V5.app/Contents/Resources/sdk/vexv5/libv5rt.a(v5_apijump.c.obj)
                0x0000000003802264                vexTaskStopAll
 .text.vexTaskRemoveAllUser
                0x0000000003802274       0x34 /Applications/VEXcode Pro V5.app/Contents/Resources/sdk/vexv5/libv5rt.a(v5_apijump.c.obj)
                0x0000000003802274                vexTaskRemoveAllUser
 .text.vexTaskCompletionIdSet
                0x00000000038022a8       0x10 /Applications/VEXcode Pro V5.app/Contents/Resources/sdk/vexv5/libv5rt.a(v5_apijump.c.obj)
                0x00000000038022a8                vexTaskCompletionIdSet
 .text.vexTaskStopWithId
                0x00000000038022b8       0x10 /Applications/VEXcode Pro V5.app/Contents/Resources/sdk/vexv5/libv5rt.a(v5_apijump.c.obj)
                0x00000000038022b8                vexTaskStopWithId
 .text.vexCriticalSection
                0x00000000038022c8       0x2c /Applications/VEXcode Pro V5.app/Contents/Resources/sdk/vexv5/libv5rt.a(v5_apijump.c.obj)
                0x00000000038022c8                vexCriticalSection
 .text.vexEventAdd
                0x00000000038022f4       0x34 /Applications/VEXcode Pro V5.app/Contents/Resources/sdk/vexv5/libv5rt.a(v5_apijump.c.obj)
                0x00000000038022f4                vexEventAdd
 .text.vexEventUserIndexGet
                0x0000000003802328       0x1c /Applications/VEXcode Pro V5.app/Contents/Resources/sdk/vexv5/libv5rt.a(v5_apijump.c.obj)
                0x0000000003802328                vexEventUserIndexGet
 .text.vexEventAddWithArg
                0x0000000003802344       0x3c /Applications/VEXcode Pro V5.app/Contents/Resources/sdk/vexv5/libv5rt.a(v5_apijump.c.obj)
                0x0000000003802344                vexEventAddWithArg
 .text.vexEventsCleanup
                0x0000000003802380       0x2c /Applications/VEXcode Pro V5.app/Contents/Resources/sdk/vexv5/libv5rt.a(v5_apijump.c.obj)
                0x0000000003802380                vexEventsCleanup
 .text.vexDebug
                0x00000000038023ac       0x38 /Applications/VEXcode Pro V5.app/Contents/Resources/sdk/vexv5/libv5rt.a(v5_apijump.c.obj)
                0x00000000038023ac                vexDebug
 .text.vex_sprintf
                0x00000000038023e4       0x40 /Applications/VEXcode Pro V5.app/Contents/Resources/sdk/vexv5/libv5rt.a(v5_apijump.c.obj)
                0x00000000038023e4                vex_sprintf
 .text.vex_vsnprintf
                0x0000000003802424       0x3c /Applications/VEXcode Pro V5.app/Contents/Resources/sdk/vexv5/libv5rt.a(v5_apijump.c.obj)
                0x0000000003802424                vex_vsnprintf
 .text.vexSystemTimeGet
                0x0000000003802460       0x1c /Applications/VEXcode Pro V5.app/Contents/Resources/sdk/vexv5/libv5rt.a(v5_apijump.c.obj)
                0x0000000003802460                vexSystemTimeGet
 .text.vexSystemExitRequest
                0x000000000380247c       0x1c /Applications/VEXcode Pro V5.app/Contents/Resources/sdk/vexv5/libv5rt.a(v5_apijump.c.obj)
                0x000000000380247c                vexSystemExitRequest
 .text.vexDeviceGetByIndex
                0x0000000003802498       0x24 /Applications/VEXcode Pro V5.app/Contents/Resources/sdk/vexv5/libv5rt.a(v5_apijump.c.obj)
                0x0000000003802498                vexDeviceGetByIndex
 .text.vexControllerGet
                0x00000000038024bc       0x2c /Applications/VEXcode Pro V5.app/Contents/Resources/sdk/vexv5/libv5rt.a(v5_apijump.c.obj)
                0x00000000038024bc                vexControllerGet
 .text.vexControllerTextSet
                0x00000000038024e8       0x74 /Applications/VEXcode Pro V5.app/Contents/Resources/sdk/vexv5/libv5rt.a(v5_apijump.c.obj)
                0x00000000038024e8                vexControllerTextSet
 .text.vexDeviceAdiPortConfigSet
                0x000000000380255c       0x34 /Applications/VEXcode Pro V5.app/Contents/Resources/sdk/vexv5/libv5rt.a(v5_apijump.c.obj)
                0x000000000380255c                vexDeviceAdiPortConfigSet
 .text.vexDeviceAdiPortConfigGet
                0x0000000003802590       0x2c /Applications/VEXcode Pro V5.app/Contents/Resources/sdk/vexv5/libv5rt.a(v5_apijump.c.obj)
                0x0000000003802590                vexDeviceAdiPortConfigGet
 .text.vexDeviceAdiValueSet
                0x00000000038025bc       0x34 /Applications/VEXcode Pro V5.app/Contents/Resources/sdk/vexv5/libv5rt.a(v5_apijump.c.obj)
                0x00000000038025bc                vexDeviceAdiValueSet
 .text.vexDeviceAdiValueGet
                0x00000000038025f0       0x2c /Applications/VEXcode Pro V5.app/Contents/Resources/sdk/vexv5/libv5rt.a(v5_apijump.c.obj)
                0x00000000038025f0                vexDeviceAdiValueGet
 .text.vexDeviceMotorVelocitySet
                0x000000000380261c       0x2c /Applications/VEXcode Pro V5.app/Contents/Resources/sdk/vexv5/libv5rt.a(v5_apijump.c.obj)
                0x000000000380261c                vexDeviceMotorVelocitySet
 .text.vexDeviceMotorActualVelocityGet
                0x0000000003802648       0x24 /Applications/VEXcode Pro V5.app/Contents/Resources/sdk/vexv5/libv5rt.a(v5_apijump.c.obj)
                0x0000000003802648                vexDeviceMotorActualVelocityGet
 .text.vexDeviceMotorReverseFlagSet
                0x000000000380266c       0x2c /Applications/VEXcode Pro V5.app/Contents/Resources/sdk/vexv5/libv5rt.a(v5_apijump.c.obj)
                0x000000000380266c                vexDeviceMotorReverseFlagSet
 .text.vexDeviceMotorEncoderUnitsSet
                0x0000000003802698       0x2c /Applications/VEXcode Pro V5.app/Contents/Resources/sdk/vexv5/libv5rt.a(v5_apijump.c.obj)
                0x0000000003802698                vexDeviceMotorEncoderUnitsSet
 .text.vexDeviceMotorBrakeModeSet
                0x00000000038026c4       0x2c /Applications/VEXcode Pro V5.app/Contents/Resources/sdk/vexv5/libv5rt.a(v5_apijump.c.obj)
                0x00000000038026c4                vexDeviceMotorBrakeModeSet
 .text.vexDeviceMotorPositionSet
                0x00000000038026f0       0x34 /Applications/VEXcode Pro V5.app/Contents/Resources/sdk/vexv5/libv5rt.a(v5_apijump.c.obj)
                0x00000000038026f0                vexDeviceMotorPositionSet
 .text.vexDeviceMotorPositionGet
                0x0000000003802724       0x24 /Applications/VEXcode Pro V5.app/Contents/Resources/sdk/vexv5/libv5rt.a(v5_apijump.c.obj)
                0x0000000003802724                vexDeviceMotorPositionGet
 .text.vexDeviceMotorGearingSet
                0x0000000003802748       0x2c /Applications/VEXcode Pro V5.app/Contents/Resources/sdk/vexv5/libv5rt.a(v5_apijump.c.obj)
                0x0000000003802748                vexDeviceMotorGearingSet
 .text.vexDeviceMotorGearingGet
                0x0000000003802774       0x24 /Applications/VEXcode Pro V5.app/Contents/Resources/sdk/vexv5/libv5rt.a(v5_apijump.c.obj)
                0x0000000003802774                vexDeviceMotorGearingGet
 .text.vexDeviceImuReset
                0x0000000003802798       0x24 /Applications/VEXcode Pro V5.app/Contents/Resources/sdk/vexv5/libv5rt.a(v5_apijump.c.obj)
                0x0000000003802798                vexDeviceImuReset
 .text.vexDeviceImuHeadingGet
                0x00000000038027bc       0x24 /Applications/VEXcode Pro V5.app/Contents/Resources/sdk/vexv5/libv5rt.a(v5_apijump.c.obj)
                0x00000000038027bc                vexDeviceImuHeadingGet
 .text.vexDeviceImuDegreesGet
                0x00000000038027e0       0x24 /Applications/VEXcode Pro V5.app/Contents/Resources/sdk/vexv5/libv5rt.a(v5_apijump.c.obj)
                0x00000000038027e0                vexDeviceImuDegreesGet
 .text.vexDeviceImuStatusGet
                0x0000000003802804       0x24 /Applications/VEXcode Pro V5.app/Contents/Resources/sdk/vexv5/libv5rt.a(v5_apijump.c.obj)
                0x0000000003802804                vexDeviceImuStatusGet
 .text.vexDeviceAbsEncPositionSet
                0x0000000003802828       0x2c /Applications/VEXcode Pro V5.app/Contents/Resources/sdk/vexv5/libv5rt.a(v5_apijump.c.obj)
                0x0000000003802828                vexDeviceAbsEncPositionSet
 .text.vexDeviceAbsEncPositionGet
                0x0000000003802854       0x24 /Applications/VEXcode Pro V5.app/Contents/Resources/sdk/vexv5/libv5rt.a(v5_apijump.c.obj)
                0x0000000003802854                vexDeviceAbsEncPositionGet
 .text.vexDeviceAbsEncAngleGet
                0x0000000003802878       0x24 /Applications/VEXcode Pro V5.app/Contents/Resources/sdk/vexv5/libv5rt.a(v5_apijump.c.obj)
                0x0000000003802878                vexDeviceAbsEncAngleGet
 .text.vexDeviceAbsEncReverseFlagSet
                0x000000000380289c       0x2c /Applications/VEXcode Pro V5.app/Contents/Resources/sdk/vexv5/libv5rt.a(v5_apijump.c.obj)
                0x000000000380289c                vexDeviceAbsEncReverseFlagSet
 .text.vexDisplayForegroundColor
                0x00000000038028c8       0x24 /Applications/VEXcode Pro V5.app/Contents/Resources/sdk/vexv5/libv5rt.a(v5_apijump.c.obj)
                0x00000000038028c8                vexDisplayForegroundColor
 .text.vexDisplayBackgroundColor
                0x00000000038028ec       0x24 /Applications/VEXcode Pro V5.app/Contents/Resources/sdk/vexv5/libv5rt.a(v5_apijump.c.obj)
                0x00000000038028ec                vexDisplayBackgroundColor
 .text.vexDisplayTextReference
                0x0000000003802910       0x24 /Applications/VEXcode Pro V5.app/Contents/Resources/sdk/vexv5/libv5rt.a(v5_apijump.c.obj)
                0x0000000003802910                vexDisplayTextReference
 .text.vexDisplayTextSize
                0x0000000003802934       0x2c /Applications/VEXcode Pro V5.app/Contents/Resources/sdk/vexv5/libv5rt.a(v5_apijump.c.obj)
                0x0000000003802934                vexDisplayTextSize
 .text.vexDisplayFontNamedSet
                0x0000000003802960       0x24 /Applications/VEXcode Pro V5.app/Contents/Resources/sdk/vexv5/libv5rt.a(v5_apijump.c.obj)
                0x0000000003802960                vexDisplayFontNamedSet
 .text.vexSystemStdlibImpureDataAddr
                0x0000000003802984       0x28 /Applications/VEXcode Pro V5.app/Contents/Resources/sdk/vexv5/libv5rt.a(v5_apijump.c.obj)
                0x0000000003802984                vexSystemStdlibImpureDataAddr
 .text.vexSystemStdlibImpureDataSize
                0x00000000038029ac       0x28 /Applications/VEXcode Pro V5.app/Contents/Resources/sdk/vexv5/libv5rt.a(v5_apijump.c.obj)
                0x00000000038029ac                vexSystemStdlibImpureDataSize
 .text.vexSystemSaveUserData
                0x00000000038029d4       0x3c /Applications/VEXcode Pro V5.app/Contents/Resources/sdk/vexv5/libv5rt.a(v5_apijump.c.obj)
                0x00000000038029d4                vexSystemSaveUserData
 .text.vexDisplayThemeIdGet
                0x0000000003802a10       0x38 /Applications/VEXcode Pro V5.app/Contents/Resources/sdk/vexv5/libv5rt.a(v5_apijump.c.obj)
                0x0000000003802a10                vexDisplayThemeIdGet
 .text.vexDeviceEventMaskSet
                0x0000000003802a48       0x48 /Applications/VEXcode Pro V5.app/Contents/Resources/sdk/vexv5/libv5rt.a(v5_apijump.c.obj)
                0x0000000003802a48                vexDeviceEventMaskSet
 .text.vexDeviceEventMaskGet
                0x0000000003802a90       0x3c /Applications/VEXcode Pro V5.app/Contents/Resources/sdk/vexv5/libv5rt.a(v5_apijump.c.obj)
                0x0000000003802a90                vexDeviceEventMaskGet
 .text.vexSystemVersion
                0x0000000003802acc       0x10 /Applications/VEXcode Pro V5.app/Contents/Resources/sdk/vexv5/libv5rt.a(v5_apiversions.c.obj)
                0x0000000003802acc                vexSystemVersion
 .text.vexStdlibVersion
                0x0000000003802adc       0x10 /Applications/VEXcode Pro V5.app/Contents/Resources/sdk/vexv5/libv5rt.a(v5_apiversions.c.obj)
                0x0000000003802adc                vexStdlibVersion
 *fill*         0x0000000003802aec        0x4 
 .text._ZN3vex4waitEdNS_9timeUnitsE
                0x0000000003802af0       0x30 /Applications/VEXcode Pro V5.app/Contents/Resources/sdk/vexv5/libv5rt.a(vex_global.cpp.obj)
                0x0000000003802af0                vex::wait(double, vex::timeUnits)
 .text._ZN3vex5motorD2Ev
                0x0000000003802b20       0x20 /Applications/VEXcode Pro V5.app/Contents/Resources/sdk/vexv5/libv5rt.a(vex_motor.cpp.obj)
                0x0000000003802b20                vex::motor::~motor()
                0x0000000003802b20                vex::motor::~motor()
 .text._ZN3vex5motorD0Ev
                0x0000000003802b40       0x1c /Applications/VEXcode Pro V5.app/Contents/Resources/sdk/vexv5/libv5rt.a(vex_motor.cpp.obj)
                0x0000000003802b40                vex::motor::~motor()
 .text._ZN3vex5motor9installedEv
                0x0000000003802b5c       0x18 /Applications/VEXcode Pro V5.app/Contents/Resources/sdk/vexv5/libv5rt.a(vex_motor.cpp.obj)
                0x0000000003802b5c                vex::motor::installed()
 .text._ZN3vex5motor15defaultStoppingENS_9brakeTypeE
                0x0000000003802b74       0x30 /Applications/VEXcode Pro V5.app/Contents/Resources/sdk/vexv5/libv5rt.a(vex_motor.cpp.obj)
                0x0000000003802b74                vex::motor::defaultStopping(vex::brakeType)
 .text._ZN3vex5motorC2El
                0x0000000003802ba4       0x78 /Applications/VEXcode Pro V5.app/Contents/Resources/sdk/vexv5/libv5rt.a(vex_motor.cpp.obj)
                0x0000000003802ba4                vex::motor::motor(long)
                0x0000000003802ba4                vex::motor::motor(long)
 .text._ZN3vex5motorC2ElNS_11gearSettingEb
                0x0000000003802c1c       0x34 /Applications/VEXcode Pro V5.app/Contents/Resources/sdk/vexv5/libv5rt.a(vex_motor.cpp.obj)
                0x0000000003802c1c                vex::motor::motor(long, vex::gearSetting, bool)
                0x0000000003802c1c                vex::motor::motor(long, vex::gearSetting, bool)
 .text._ZN3vex5motor4stopENS_9brakeTypeE
                0x0000000003802c50       0x30 /Applications/VEXcode Pro V5.app/Contents/Resources/sdk/vexv5/libv5rt.a(vex_motor.cpp.obj)
                0x0000000003802c50                vex::motor::stop(vex::brakeType)
 .text._ZN3vex5motor16velocityToScaledEdNS_13velocityUnitsE
                0x0000000003802c80       0x5c /Applications/VEXcode Pro V5.app/Contents/Resources/sdk/vexv5/libv5rt.a(vex_motor.cpp.obj)
                0x0000000003802c80                vex::motor::velocityToScaled(double, vex::velocityUnits)
 .text._ZN3vex5motor8velocityENS_13velocityUnitsE
                0x0000000003802cdc       0x30 /Applications/VEXcode Pro V5.app/Contents/Resources/sdk/vexv5/libv5rt.a(vex_motor.cpp.obj)
                0x0000000003802cdc                vex::motor::velocity(vex::velocityUnits)
 .text._ZN3vex5motor5valueEv
                0x0000000003802d0c       0x1c /Applications/VEXcode Pro V5.app/Contents/Resources/sdk/vexv5/libv5rt.a(vex_motor.cpp.obj)
                0x0000000003802d0c                vex::motor::value()
 .text._ZN3vex5motor16scaledToVelocityEdNS_13velocityUnitsE
                0x0000000003802d28       0xa4 /Applications/VEXcode Pro V5.app/Contents/Resources/sdk/vexv5/libv5rt.a(vex_motor.cpp.obj)
                0x0000000003802d28                vex::motor::scaledToVelocity(double, vex::velocityUnits)
 .text._ZN3vex5motor4spinENS_13directionTypeEdNS_13velocityUnitsE
                0x0000000003802dcc       0x5c /Applications/VEXcode Pro V5.app/Contents/Resources/sdk/vexv5/libv5rt.a(vex_motor.cpp.obj)
                0x0000000003802dcc                vex::motor::spin(vex::directionType, double, vex::velocityUnits)
 .text._ZN3vex5motor16setRotationUnitsENS_13rotationUnitsE
                0x0000000003802e28       0x1c /Applications/VEXcode Pro V5.app/Contents/Resources/sdk/vexv5/libv5rt.a(vex_motor.cpp.obj)
                0x0000000003802e28                vex::motor::setRotationUnits(vex::rotationUnits)
 .text._ZN3vex5motor8rotationENS_13rotationUnitsE
                0x0000000003802e44       0x44 /Applications/VEXcode Pro V5.app/Contents/Resources/sdk/vexv5/libv5rt.a(vex_motor.cpp.obj)
                0x0000000003802e44                vex::motor::rotation(vex::rotationUnits)
 .text._ZN3vex5motor8positionENS_13rotationUnitsE
                0x0000000003802e88        0x4 /Applications/VEXcode Pro V5.app/Contents/Resources/sdk/vexv5/libv5rt.a(vex_motor.cpp.obj)
                0x0000000003802e88                vex::motor::position(vex::rotationUnits)
 *fill*         0x0000000003802e8c        0x4 
 .text._ZN3vex8inertial10setHeadingEdNS_13rotationUnitsE
                0x0000000003802e90       0x58 /Applications/VEXcode Pro V5.app/Contents/Resources/sdk/vexv5/libv5rt.a(vex_imu.cpp.obj)
                0x0000000003802e90                vex::inertial::setHeading(double, vex::rotationUnits)
 .text._ZThn16_N3vex8inertial10setHeadingEdNS_13rotationUnitsE
                0x0000000003802ee8        0x8 /Applications/VEXcode Pro V5.app/Contents/Resources/sdk/vexv5/libv5rt.a(vex_imu.cpp.obj)
                0x0000000003802ee8                non-virtual thunk to vex::inertial::setHeading(double, vex::rotationUnits)
 .text._ZN3vex8inertial11setRotationEdNS_13rotationUnitsE
                0x0000000003802ef0       0x58 /Applications/VEXcode Pro V5.app/Contents/Resources/sdk/vexv5/libv5rt.a(vex_imu.cpp.obj)
                0x0000000003802ef0                vex::inertial::setRotation(double, vex::rotationUnits)
 .text._ZThn16_N3vex8inertial11setRotationEdNS_13rotationUnitsE
                0x0000000003802f48        0x8 /Applications/VEXcode Pro V5.app/Contents/Resources/sdk/vexv5/libv5rt.a(vex_imu.cpp.obj)
                0x0000000003802f48                non-virtual thunk to vex::inertial::setRotation(double, vex::rotationUnits)
 .text._ZN3vex8inertialD2Ev
                0x0000000003802f50       0x20 /Applications/VEXcode Pro V5.app/Contents/Resources/sdk/vexv5/libv5rt.a(vex_imu.cpp.obj)
                0x0000000003802f50                vex::inertial::~inertial()
                0x0000000003802f50                vex::inertial::~inertial()
 .text._ZThn16_N3vex8inertialD1Ev
                0x0000000003802f70        0x8 /Applications/VEXcode Pro V5.app/Contents/Resources/sdk/vexv5/libv5rt.a(vex_imu.cpp.obj)
                0x0000000003802f70                non-virtual thunk to vex::inertial::~inertial()
 .text._ZN3vex8inertialD0Ev
                0x0000000003802f78       0x1c /Applications/VEXcode Pro V5.app/Contents/Resources/sdk/vexv5/libv5rt.a(vex_imu.cpp.obj)
                0x0000000003802f78                vex::inertial::~inertial()
 .text._ZThn16_N3vex8inertialD0Ev
                0x0000000003802f94        0x8 /Applications/VEXcode Pro V5.app/Contents/Resources/sdk/vexv5/libv5rt.a(vex_imu.cpp.obj)
                0x0000000003802f94                non-virtual thunk to vex::inertial::~inertial()
 .text._ZN3vex8inertial9installedEv
                0x0000000003802f9c       0x18 /Applications/VEXcode Pro V5.app/Contents/Resources/sdk/vexv5/libv5rt.a(vex_imu.cpp.obj)
                0x0000000003802f9c                vex::inertial::installed()
 .text._ZN3vex8inertial5angleENS_13rotationUnitsE
                0x0000000003802fb4       0x60 /Applications/VEXcode Pro V5.app/Contents/Resources/sdk/vexv5/libv5rt.a(vex_imu.cpp.obj)
                0x0000000003802fb4                vex::inertial::angle(vex::rotationUnits)
 .text._ZThn16_N3vex8inertial5angleENS_13rotationUnitsE
                0x0000000003803014        0x8 /Applications/VEXcode Pro V5.app/Contents/Resources/sdk/vexv5/libv5rt.a(vex_imu.cpp.obj)
                0x0000000003803014                non-virtual thunk to vex::inertial::angle(vex::rotationUnits)
 .text._ZN3vex8inertial7headingENS_13rotationUnitsE
                0x000000000380301c        0x4 /Applications/VEXcode Pro V5.app/Contents/Resources/sdk/vexv5/libv5rt.a(vex_imu.cpp.obj)
                0x000000000380301c                vex::inertial::heading(vex::rotationUnits)
 .text._ZThn16_N3vex8inertial7headingENS_13rotationUnitsE
                0x0000000003803020        0x8 /Applications/VEXcode Pro V5.app/Contents/Resources/sdk/vexv5/libv5rt.a(vex_imu.cpp.obj)
                0x0000000003803020                non-virtual thunk to vex::inertial::heading(vex::rotationUnits)
 .text._ZN3vex8inertial5valueEv
                0x0000000003803028       0x1c /Applications/VEXcode Pro V5.app/Contents/Resources/sdk/vexv5/libv5rt.a(vex_imu.cpp.obj)
                0x0000000003803028                vex::inertial::value()
 *fill*         0x0000000003803044        0x4 
 .text._ZN3vex8inertial8rotationENS_13rotationUnitsE
                0x0000000003803048       0x40 /Applications/VEXcode Pro V5.app/Contents/Resources/sdk/vexv5/libv5rt.a(vex_imu.cpp.obj)
                0x0000000003803048                vex::inertial::rotation(vex::rotationUnits)
 .text._ZThn16_N3vex8inertial8rotationENS_13rotationUnitsE
                0x0000000003803088        0x8 /Applications/VEXcode Pro V5.app/Contents/Resources/sdk/vexv5/libv5rt.a(vex_imu.cpp.obj)
                0x0000000003803088                non-virtual thunk to vex::inertial::rotation(vex::rotationUnits)
 .text._ZN3vex8inertial13isCalibratingEv
                0x0000000003803090       0x38 /Applications/VEXcode Pro V5.app/Contents/Resources/sdk/vexv5/libv5rt.a(vex_imu.cpp.obj)
                0x0000000003803090                vex::inertial::isCalibrating()
 .text._ZThn16_N3vex8inertial13isCalibratingEv
                0x00000000038030c8        0x8 /Applications/VEXcode Pro V5.app/Contents/Resources/sdk/vexv5/libv5rt.a(vex_imu.cpp.obj)
                0x00000000038030c8                non-virtual thunk to vex::inertial::isCalibrating()
 .text._ZN3vex8inertialC2El
                0x00000000038030d0       0x48 /Applications/VEXcode Pro V5.app/Contents/Resources/sdk/vexv5/libv5rt.a(vex_imu.cpp.obj)
                0x00000000038030d0                vex::inertial::inertial(long)
                0x00000000038030d0                vex::inertial::inertial(long)
 .text._ZN3vex8inertial16startCalibrationEl
                0x0000000003803118       0x20 /Applications/VEXcode Pro V5.app/Contents/Resources/sdk/vexv5/libv5rt.a(vex_imu.cpp.obj)
                0x0000000003803118                vex::inertial::startCalibration(long)
 .text._ZN3vex8inertial9calibrateEl
                0x0000000003803138        0xc /Applications/VEXcode Pro V5.app/Contents/Resources/sdk/vexv5/libv5rt.a(vex_imu.cpp.obj)
                0x0000000003803138                vex::inertial::calibrate(long)
                0x000000000380313c                non-virtual thunk to vex::inertial::calibrate(long)
 .text._ZN3vex8rotationD2Ev
                0x0000000003803144       0x20 /Applications/VEXcode Pro V5.app/Contents/Resources/sdk/vexv5/libv5rt.a(vex_rotation.cpp.obj)
                0x0000000003803144                vex::rotation::~rotation()
                0x0000000003803144                vex::rotation::~rotation()
 .text._ZN3vex8rotationD0Ev
                0x0000000003803164       0x1c /Applications/VEXcode Pro V5.app/Contents/Resources/sdk/vexv5/libv5rt.a(vex_rotation.cpp.obj)
                0x0000000003803164                vex::rotation::~rotation()
 .text._ZN3vex8rotation9installedEv
                0x0000000003803180       0x18 /Applications/VEXcode Pro V5.app/Contents/Resources/sdk/vexv5/libv5rt.a(vex_rotation.cpp.obj)
                0x0000000003803180                vex::rotation::installed()
 .text._ZN3vex8rotation5valueEv
                0x0000000003803198        0x8 /Applications/VEXcode Pro V5.app/Contents/Resources/sdk/vexv5/libv5rt.a(vex_rotation.cpp.obj)
                0x0000000003803198                vex::rotation::value()
 .text._ZN3vex8rotationC2Elb
                0x00000000038031a0       0x30 /Applications/VEXcode Pro V5.app/Contents/Resources/sdk/vexv5/libv5rt.a(vex_rotation.cpp.obj)
                0x00000000038031a0                vex::rotation::rotation(long, bool)
                0x00000000038031a0                vex::rotation::rotation(long, bool)
 .text._ZN3vex8rotation13resetPositionEv
                0x00000000038031d0        0xc /Applications/VEXcode Pro V5.app/Contents/Resources/sdk/vexv5/libv5rt.a(vex_rotation.cpp.obj)
                0x00000000038031d0                vex::rotation::resetPosition()
 *fill*         0x00000000038031dc        0x4 
 .text._ZN3vex8rotation8positionENS_13rotationUnitsE
                0x00000000038031e0       0x50 /Applications/VEXcode Pro V5.app/Contents/Resources/sdk/vexv5/libv5rt.a(vex_rotation.cpp.obj)
                0x00000000038031e0                vex::rotation::position(vex::rotationUnits)
 .text._ZN3vex10controllerD2Ev
                0x0000000003803230        0x4 /Applications/VEXcode Pro V5.app/Contents/Resources/sdk/vexv5/libv5rt.a(vex_controller.cpp.obj)
                0x0000000003803230                vex::controller::~controller()
                0x0000000003803230                vex::controller::~controller()
 .text._ZN3vex10controller5valueE19_V5_ControllerIndex
                0x0000000003803234        0x8 /Applications/VEXcode Pro V5.app/Contents/Resources/sdk/vexv5/libv5rt.a(vex_controller.cpp.obj)
                0x0000000003803234                vex::controller::value(_V5_ControllerIndex)
 .text._ZN3vex10controller6rumbleEPKc
                0x000000000380323c       0x4c /Applications/VEXcode Pro V5.app/Contents/Resources/sdk/vexv5/libv5rt.a(vex_controller.cpp.obj)
                0x000000000380323c                vex::controller::rumble(char const*)
 .text._ZN3vex10controller6button8pressingEv
                0x0000000003803288       0xc8 /Applications/VEXcode Pro V5.app/Contents/Resources/sdk/vexv5/libv5rt.a(vex_controller.cpp.obj)
                0x0000000003803288                vex::controller::button::pressing()
 .text._ZN3vex10controller6button21_buttonToPressedEventEv
                0x0000000003803350       0x20 /Applications/VEXcode Pro V5.app/Contents/Resources/sdk/vexv5/libv5rt.a(vex_controller.cpp.obj)
                0x0000000003803350                vex::controller::button::_buttonToPressedEvent()
 .text._ZN3vex10controller6button22_buttonToReleasedEventEv
                0x0000000003803370       0x20 /Applications/VEXcode Pro V5.app/Contents/Resources/sdk/vexv5/libv5rt.a(vex_controller.cpp.obj)
                0x0000000003803370                vex::controller::button::_buttonToReleasedEvent()
 .text._ZN3vex10controller6buttonC2ENS0_11tButtonTypeEPS0_
                0x0000000003803390       0x48 /Applications/VEXcode Pro V5.app/Contents/Resources/sdk/vexv5/libv5rt.a(vex_controller.cpp.obj)
                0x0000000003803390                vex::controller::button::button(vex::controller::tButtonType, vex::controller*)
                0x0000000003803390                vex::controller::button::button(vex::controller::tButtonType, vex::controller*)
 .text._ZN3vex10controller4axis5valueEv
                0x00000000038033d8       0x58 /Applications/VEXcode Pro V5.app/Contents/Resources/sdk/vexv5/libv5rt.a(vex_controller.cpp.obj)
                0x00000000038033d8                vex::controller::axis::value()
 .text._ZN3vex10controller4axis8positionENS_12percentUnitsE
                0x0000000003803430       0x1c /Applications/VEXcode Pro V5.app/Contents/Resources/sdk/vexv5/libv5rt.a(vex_controller.cpp.obj)
                0x0000000003803430                vex::controller::axis::position(vex::percentUnits)
 .text._ZN3vex10controller4axis23_joystickToChangedEventEv
                0x000000000380344c       0x20 /Applications/VEXcode Pro V5.app/Contents/Resources/sdk/vexv5/libv5rt.a(vex_controller.cpp.obj)
                0x000000000380344c                vex::controller::axis::_joystickToChangedEvent()
 .text._ZN3vex10controller4axisC2ENS0_9tAxisTypeEPS0_
                0x000000000380346c       0x2c /Applications/VEXcode Pro V5.app/Contents/Resources/sdk/vexv5/libv5rt.a(vex_controller.cpp.obj)
                0x000000000380346c                vex::controller::axis::axis(vex::controller::tAxisType, vex::controller*)
                0x000000000380346c                vex::controller::axis::axis(vex::controller::tAxisType, vex::controller*)
 .text._ZN3vex10controllerC2ENS_14controllerTypeE
                0x0000000003803498      0x204 /Applications/VEXcode Pro V5.app/Contents/Resources/sdk/vexv5/libv5rt.a(vex_controller.cpp.obj)
                0x0000000003803498                vex::controller::controller(vex::controllerType)
                0x0000000003803498                vex::controller::controller(vex::controllerType)
 .text._ZN3vex10controller3lcd15getControllerIdEv
                0x000000000380369c       0x10 /Applications/VEXcode Pro V5.app/Contents/Resources/sdk/vexv5/libv5rt.a(vex_controller.cpp.obj)
                0x000000000380369c                vex::controller::lcd::getControllerId()
 .text._ZN3vex10controller3lcd9setCursorEll
                0x00000000038036ac       0x40 /Applications/VEXcode Pro V5.app/Contents/Resources/sdk/vexv5/libv5rt.a(vex_controller.cpp.obj)
                0x00000000038036ac                vex::controller::lcd::setCursor(long, long)
 .text._ZN3vex10controller3lcd5printEPKcz
                0x00000000038036ec       0x80 /Applications/VEXcode Pro V5.app/Contents/Resources/sdk/vexv5/libv5rt.a(vex_controller.cpp.obj)
                0x00000000038036ec                vex::controller::lcd::print(char const*, ...)
 .text._ZN3vex10controller3lcd9clearLineEi
                0x000000000380376c       0x80 /Applications/VEXcode Pro V5.app/Contents/Resources/sdk/vexv5/libv5rt.a(vex_controller.cpp.obj)
                0x000000000380376c                vex::controller::lcd::clearLine(int)
 .text._ZN3vex4taskC2EPFivE
                0x00000000038037ec       0x5c /Applications/VEXcode Pro V5.app/Contents/Resources/sdk/vexv5/libv5rt.a(vex_task.cpp.obj)
                0x00000000038037ec                vex::task::task(int (*)())
                0x00000000038037ec                vex::task::task(int (*)())
 .text._ZN3vex4taskD2Ev
                0x0000000003803848        0x4 /Applications/VEXcode Pro V5.app/Contents/Resources/sdk/vexv5/libv5rt.a(vex_task.cpp.obj)
                0x0000000003803848                vex::task::~task()
                0x0000000003803848                vex::task::~task()
 .text._ZN3vex4task4stopERKS0_
                0x000000000380384c       0x18 /Applications/VEXcode Pro V5.app/Contents/Resources/sdk/vexv5/libv5rt.a(vex_task.cpp.obj)
                0x000000000380384c                vex::task::stop(vex::task const&)
 .text._ZN3vex4task6_indexEPFivE
                0x0000000003803864       0x14 /Applications/VEXcode Pro V5.app/Contents/Resources/sdk/vexv5/libv5rt.a(vex_task.cpp.obj)
                0x0000000003803864                vex::task::_index(int (*)())
 .text._ZN3vex4task8_stopAllEv
                0x0000000003803878       0x3c /Applications/VEXcode Pro V5.app/Contents/Resources/sdk/vexv5/libv5rt.a(vex_task.cpp.obj)
                0x0000000003803878                vex::task::_stopAll()
 .text._ZN3vex11this_thread9sleep_forEm
                0x00000000038038b4        0x4 /Applications/VEXcode Pro V5.app/Contents/Resources/sdk/vexv5/libv5rt.a(vex_thread.cpp.obj)
                0x00000000038038b4                vex::this_thread::sleep_for(unsigned long)
 .text._ZN3vex5event4initEmmPFvvE
                0x00000000038038b8        0x4 /Applications/VEXcode Pro V5.app/Contents/Resources/sdk/vexv5/libv5rt.a(vex_event.cpp.obj)
                0x00000000038038b8                vex::event::init(unsigned long, unsigned long, void (*)())
 .text._ZN3vex5event4initEmmPFvPvES1_
                0x00000000038038bc        0x4 /Applications/VEXcode Pro V5.app/Contents/Resources/sdk/vexv5/libv5rt.a(vex_event.cpp.obj)
                0x00000000038038bc                vex::event::init(unsigned long, unsigned long, void (*)(void*), void*)
 .text._ZN3vex5event9userindexEv
                0x00000000038038c0        0x4 /Applications/VEXcode Pro V5.app/Contents/Resources/sdk/vexv5/libv5rt.a(vex_event.cpp.obj)
                0x00000000038038c0                vex::event::userindex()
 .text._ZZN3vex6meventC4EmmENUlvE_4_FUNEv
                0x00000000038038c4        0x4 /Applications/VEXcode Pro V5.app/Contents/Resources/sdk/vexv5/libv5rt.a(vex_mevent.cpp.obj)
 .text._ZN3vex6meventC2Emm
                0x00000000038038c8       0x70 /Applications/VEXcode Pro V5.app/Contents/Resources/sdk/vexv5/libv5rt.a(vex_mevent.cpp.obj)
                0x00000000038038c8                vex::mevent::mevent(unsigned long, unsigned long)
                0x00000000038038c8                vex::mevent::mevent(unsigned long, unsigned long)
 .text._ZN3vex5brain9_getIndexEv
                0x0000000003803938       0x10 /Applications/VEXcode Pro V5.app/Contents/Resources/sdk/vexv5/libv5rt.a(vex_brain.cpp.obj)
                0x0000000003803938                vex::brain::_getIndex()
 .text._ZN3vex5brain3lcd9setCursorEll
                0x0000000003803948       0x44 /Applications/VEXcode Pro V5.app/Contents/Resources/sdk/vexv5/libv5rt.a(vex_brain.cpp.obj)
                0x0000000003803948                vex::brain::lcd::setCursor(long, long)
 .text._ZN3vex5brain3lcd7setFontENS_8fontTypeE
                0x000000000380398c      0x23c /Applications/VEXcode Pro V5.app/Contents/Resources/sdk/vexv5/libv5rt.a(vex_brain.cpp.obj)
                0x000000000380398c                vex::brain::lcd::setFont(vex::fontType)
 .text._ZN3vex5brain3lcdC2Ev
                0x0000000003803bc8       0x94 /Applications/VEXcode Pro V5.app/Contents/Resources/sdk/vexv5/libv5rt.a(vex_brain.cpp.obj)
                0x0000000003803bc8                vex::brain::lcd::lcd()
                0x0000000003803bc8                vex::brain::lcd::lcd()
 .text._ZN3vex5brainC2Ev
                0x0000000003803c5c       0x38 /Applications/VEXcode Pro V5.app/Contents/Resources/sdk/vexv5/libv5rt.a(vex_brain.cpp.obj)
                0x0000000003803c5c                vex::brain::brain()
                0x0000000003803c5c                vex::brain::brain()
 .text._ZN3vex5brainD2Ev
                0x0000000003803c94       0x20 /Applications/VEXcode Pro V5.app/Contents/Resources/sdk/vexv5/libv5rt.a(vex_brain.cpp.obj)
                0x0000000003803c94                vex::brain::~brain()
                0x0000000003803c94                vex::brain::~brain()
 .text._ZN3vex11competition11_autonomousEv
                0x0000000003803cb4       0x90 /Applications/VEXcode Pro V5.app/Contents/Resources/sdk/vexv5/libv5rt.a(vex_competition.cpp.obj)
                0x0000000003803cb4                vex::competition::_autonomous()
 .text._ZN3vex11competition14_drivercontrolEv
                0x0000000003803d44       0x90 /Applications/VEXcode Pro V5.app/Contents/Resources/sdk/vexv5/libv5rt.a(vex_competition.cpp.obj)
                0x0000000003803d44                vex::competition::_drivercontrol()
 .text._ZN3vex11competition8_disableEPv
                0x0000000003803dd4       0xc8 /Applications/VEXcode Pro V5.app/Contents/Resources/sdk/vexv5/libv5rt.a(vex_competition.cpp.obj)
                0x0000000003803dd4                vex::competition::_disable(void*)
 .text._ZN3vex11competitionC2Ev
                0x0000000003803e9c      0x13c /Applications/VEXcode Pro V5.app/Contents/Resources/sdk/vexv5/libv5rt.a(vex_competition.cpp.obj)
                0x0000000003803e9c                vex::competition::competition()
                0x0000000003803e9c                vex::competition::competition()
 .text._ZN3vex11competitionD2Ev
                0x0000000003803fd8        0x4 /Applications/VEXcode Pro V5.app/Contents/Resources/sdk/vexv5/libv5rt.a(vex_competition.cpp.obj)
                0x0000000003803fd8                vex::competition::~competition()
                0x0000000003803fd8                vex::competition::~competition()
 .text._ZN3vex11competition10autonomousEPFvvE
                0x0000000003803fdc       0x44 /Applications/VEXcode Pro V5.app/Contents/Resources/sdk/vexv5/libv5rt.a(vex_competition.cpp.obj)
                0x0000000003803fdc                vex::competition::autonomous(void (*)())
 .text._ZN3vex11competition13drivercontrolEPFvvE
                0x0000000003804020       0x44 /Applications/VEXcode Pro V5.app/Contents/Resources/sdk/vexv5/libv5rt.a(vex_competition.cpp.obj)
                0x0000000003804020                vex::competition::drivercontrol(void (*)())
 .text._ZN3vex7triportD2Ev
                0x0000000003804064       0x38 /Applications/VEXcode Pro V5.app/Contents/Resources/sdk/vexv5/libv5rt.a(vex_triport.cpp.obj)
                0x0000000003804064                vex::triport::~triport()
                0x0000000003804064                vex::triport::~triport()
 .text._ZN3vex7triportD0Ev
                0x000000000380409c       0x1c /Applications/VEXcode Pro V5.app/Contents/Resources/sdk/vexv5/libv5rt.a(vex_triport.cpp.obj)
                0x000000000380409c                vex::triport::~triport()
 .text._ZN3vex7triport9installedEv
                0x00000000038040b8       0x18 /Applications/VEXcode Pro V5.app/Contents/Resources/sdk/vexv5/libv5rt.a(vex_triport.cpp.obj)
                0x00000000038040b8                vex::triport::installed()
 .text._ZN3vex7triport4portC2ElPS0_
                0x00000000038040d0       0x74 /Applications/VEXcode Pro V5.app/Contents/Resources/sdk/vexv5/libv5rt.a(vex_triport.cpp.obj)
                0x00000000038040d0                vex::triport::port::port(long, vex::triport*)
                0x00000000038040d0                vex::triport::port::port(long, vex::triport*)
 .text._ZN3vex7triportC2El
                0x0000000003804144       0xf0 /Applications/VEXcode Pro V5.app/Contents/Resources/sdk/vexv5/libv5rt.a(vex_triport.cpp.obj)
                0x0000000003804144                vex::triport::triport(long)
                0x0000000003804144                vex::triport::triport(long)
 .text._ZN3vex7triport4port4typeENS_11triportTypeE
                0x0000000003804234       0x30 /Applications/VEXcode Pro V5.app/Contents/Resources/sdk/vexv5/libv5rt.a(vex_triport.cpp.obj)
                0x0000000003804234                vex::triport::port::type(vex::triportType)
 .text._ZN3vex7triport4port4typeEv
                0x0000000003804264       0x38 /Applications/VEXcode Pro V5.app/Contents/Resources/sdk/vexv5/libv5rt.a(vex_triport.cpp.obj)
                0x0000000003804264                vex::triport::port::type()
 .text._ZN3vex7triport4port5valueEv
                0x000000000380429c       0x14 /Applications/VEXcode Pro V5.app/Contents/Resources/sdk/vexv5/libv5rt.a(vex_triport.cpp.obj)
                0x000000000380429c                vex::triport::port::value()
 .text._ZN3vex7triport4port5valueEl
                0x00000000038042b0       0x18 /Applications/VEXcode Pro V5.app/Contents/Resources/sdk/vexv5/libv5rt.a(vex_triport.cpp.obj)
                0x00000000038042b0                vex::triport::port::value(long)
 .text._ZN3vex7triport4port14_convertAnalogENS_11analogUnitsE
                0x00000000038042c8       0x58 /Applications/VEXcode Pro V5.app/Contents/Resources/sdk/vexv5/libv5rt.a(vex_triport.cpp.obj)
                0x00000000038042c8                vex::triport::port::_convertAnalog(vex::analogUnits)
 .text._ZN3vex11__trideviceC2ERNS_7triport4portENS_11triportTypeE
                0x0000000003804320       0x5c /Applications/VEXcode Pro V5.app/Contents/Resources/sdk/vexv5/libv5rt.a(vex_triport.cpp.obj)
                0x0000000003804320                vex::__tridevice::__tridevice(vex::triport::port&, vex::triportType)
                0x0000000003804320                vex::__tridevice::__tridevice(vex::triport::port&, vex::triportType)
 .text._ZN3vex11__tridevice14_convertAnalogENS_11analogUnitsE
                0x000000000380437c        0x8 /Applications/VEXcode Pro V5.app/Contents/Resources/sdk/vexv5/libv5rt.a(vex_triport.cpp.obj)
                0x000000000380437c                vex::__tridevice::_convertAnalog(vex::analogUnits)
 .text._ZN3vex11digital_outC2ERNS_7triport4portE
                0x0000000003804384       0x18 /Applications/VEXcode Pro V5.app/Contents/Resources/sdk/vexv5/libv5rt.a(vex_triport.cpp.obj)
                0x0000000003804384                vex::digital_out::digital_out(vex::triport::port&)
                0x0000000003804384                vex::digital_out::digital_out(vex::triport::port&)
 .text._ZN3vex11digital_outD2Ev
                0x000000000380439c        0x4 /Applications/VEXcode Pro V5.app/Contents/Resources/sdk/vexv5/libv5rt.a(vex_triport.cpp.obj)
                0x000000000380439c                vex::digital_out::~digital_out()
                0x000000000380439c                vex::digital_out::~digital_out()
 .text._ZN3vex11digital_out3setEb
                0x00000000038043a0        0x8 /Applications/VEXcode Pro V5.app/Contents/Resources/sdk/vexv5/libv5rt.a(vex_triport.cpp.obj)
                0x00000000038043a0                vex::digital_out::set(bool)
 .text._ZN3vex3potC2ERNS_7triport4portE
                0x00000000038043a8       0x20 /Applications/VEXcode Pro V5.app/Contents/Resources/sdk/vexv5/libv5rt.a(vex_triport.cpp.obj)
                0x00000000038043a8                vex::pot::pot(vex::triport::port&)
                0x00000000038043a8                vex::pot::pot(vex::triport::port&)
 .text._ZN3vex3potD2Ev
                0x00000000038043c8        0x4 /Applications/VEXcode Pro V5.app/Contents/Resources/sdk/vexv5/libv5rt.a(vex_triport.cpp.obj)
                0x00000000038043c8                vex::pot::~pot()
                0x00000000038043c8                vex::pot::~pot()
 *fill*         0x00000000038043cc        0x4 
 .text._ZN3vex3pot5valueENS_13rotationUnitsE
                0x00000000038043d0       0x60 /Applications/VEXcode Pro V5.app/Contents/Resources/sdk/vexv5/libv5rt.a(vex_triport.cpp.obj)
                0x00000000038043d0                vex::pot::value(vex::rotationUnits)
 .text.startup._GLOBAL__sub_I__ZN3vex7triportC2El
                0x0000000003804430       0x30 /Applications/VEXcode Pro V5.app/Contents/Resources/sdk/vexv5/libv5rt.a(vex_triport.cpp.obj)
 .text._ZN3vex5colorD2Ev
                0x0000000003804460        0x4 /Applications/VEXcode Pro V5.app/Contents/Resources/sdk/vexv5/libv5rt.a(vex_color.cpp.obj)
                0x0000000003804460                vex::color::~color()
                0x0000000003804460                vex::color::~color()
 .text.startup._GLOBAL__sub_I__ZN3vex5color5blackE
                0x0000000003804464      0x164 /Applications/VEXcode Pro V5.app/Contents/Resources/sdk/vexv5/libv5rt.a(vex_color.cpp.obj)
 .text._ZN3vex5timerD2Ev
                0x00000000038045c8        0x4 /Applications/VEXcode Pro V5.app/Contents/Resources/sdk/vexv5/libv5rt.a(vex_timer.cpp.obj)
                0x00000000038045c8                vex::timer::~timer()
                0x00000000038045c8                vex::timer::~timer()
 .text._ZN3vex5timer5clearEv
                0x00000000038045cc       0x1c /Applications/VEXcode Pro V5.app/Contents/Resources/sdk/vexv5/libv5rt.a(vex_timer.cpp.obj)
                0x00000000038045cc                vex::timer::clear()
 .text._ZN3vex5timerC2Ev
                0x00000000038045e8       0x14 /Applications/VEXcode Pro V5.app/Contents/Resources/sdk/vexv5/libv5rt.a(vex_timer.cpp.obj)
                0x00000000038045e8                vex::timer::timer()
                0x00000000038045e8                vex::timer::timer()
 .text._ZNK3vex5timer4timeEv
                0x00000000038045fc       0x1c /Applications/VEXcode Pro V5.app/Contents/Resources/sdk/vexv5/libv5rt.a(vex_timer.cpp.obj)
                0x00000000038045fc                vex::timer::time() const
 .text._ZN3vex11motor_group18motor_group_motorsC2Ev
                0x0000000003804618       0x28 /Applications/VEXcode Pro V5.app/Contents/Resources/sdk/vexv5/libv5rt.a(vex_motorgroup.cpp.obj)
                0x0000000003804618                vex::motor_group::motor_group_motors::motor_group_motors()
                0x0000000003804618                vex::motor_group::motor_group_motors::motor_group_motors()
 .text._ZN3vex11motor_groupC2Ev
                0x0000000003804640       0x1c /Applications/VEXcode Pro V5.app/Contents/Resources/sdk/vexv5/libv5rt.a(vex_motorgroup.cpp.obj)
                0x0000000003804640                vex::motor_group::motor_group()
                0x0000000003804640                vex::motor_group::motor_group()
 .text._ZN3vex11motor_groupD2Ev
                0x000000000380465c        0x4 /Applications/VEXcode Pro V5.app/Contents/Resources/sdk/vexv5/libv5rt.a(vex_motorgroup.cpp.obj)
                0x000000000380465c                vex::motor_group::~motor_group()
                0x000000000380465c                vex::motor_group::~motor_group()
 .text._ZN3vex11motor_group9_addMotorERNS_5motorE
                0x0000000003804660       0x20 /Applications/VEXcode Pro V5.app/Contents/Resources/sdk/vexv5/libv5rt.a(vex_motorgroup.cpp.obj)
                0x0000000003804660                vex::motor_group::_addMotor(vex::motor&)
 .text._ZN3vex11motor_group4spinENS_13directionTypeEdNS_13velocityUnitsE
                0x0000000003804680       0x54 /Applications/VEXcode Pro V5.app/Contents/Resources/sdk/vexv5/libv5rt.a(vex_motorgroup.cpp.obj)
                0x0000000003804680                vex::motor_group::spin(vex::directionType, double, vex::velocityUnits)
 .text.vexAdiPortConfigSet
                0x00000000038046d4       0x28 /Applications/VEXcode Pro V5.app/Contents/Resources/sdk/vexv5/libv5rt.a(v5_apiuser.c.obj)
                0x00000000038046d4                vexAdiPortConfigSet
 .text.vexAdiPortConfigGet
                0x00000000038046fc       0x28 /Applications/VEXcode Pro V5.app/Contents/Resources/sdk/vexv5/libv5rt.a(v5_apiuser.c.obj)
                0x00000000038046fc                vexAdiPortConfigGet
 .text.vexAdiValueSet
                0x0000000003804724       0x28 /Applications/VEXcode Pro V5.app/Contents/Resources/sdk/vexv5/libv5rt.a(v5_apiuser.c.obj)
                0x0000000003804724                vexAdiValueSet
 .text.vexAdiValueGet
                0x000000000380474c       0x20 /Applications/VEXcode Pro V5.app/Contents/Resources/sdk/vexv5/libv5rt.a(v5_apiuser.c.obj)
                0x000000000380474c                vexAdiValueGet
 .text.vexMotorVelocitySet
                0x000000000380476c       0x20 /Applications/VEXcode Pro V5.app/Contents/Resources/sdk/vexv5/libv5rt.a(v5_apiuser.c.obj)
                0x000000000380476c                vexMotorVelocitySet
 .text.vexMotorActualVelocityGet
                0x000000000380478c       0x24 /Applications/VEXcode Pro V5.app/Contents/Resources/sdk/vexv5/libv5rt.a(v5_apiuser.c.obj)
                0x000000000380478c                vexMotorActualVelocityGet
 .text.vexMotorReverseFlagSet
                0x00000000038047b0       0x20 /Applications/VEXcode Pro V5.app/Contents/Resources/sdk/vexv5/libv5rt.a(v5_apiuser.c.obj)
                0x00000000038047b0                vexMotorReverseFlagSet
 .text.vexMotorEncoderUnitsSet
                0x00000000038047d0       0x20 /Applications/VEXcode Pro V5.app/Contents/Resources/sdk/vexv5/libv5rt.a(v5_apiuser.c.obj)
                0x00000000038047d0                vexMotorEncoderUnitsSet
 .text.vexMotorBrakeModeSet
                0x00000000038047f0       0x20 /Applications/VEXcode Pro V5.app/Contents/Resources/sdk/vexv5/libv5rt.a(v5_apiuser.c.obj)
                0x00000000038047f0                vexMotorBrakeModeSet
 .text.vexMotorPositionSet
                0x0000000003804810       0x28 /Applications/VEXcode Pro V5.app/Contents/Resources/sdk/vexv5/libv5rt.a(v5_apiuser.c.obj)
                0x0000000003804810                vexMotorPositionSet
 .text.vexMotorPositionGet
                0x0000000003804838       0x24 /Applications/VEXcode Pro V5.app/Contents/Resources/sdk/vexv5/libv5rt.a(v5_apiuser.c.obj)
                0x0000000003804838                vexMotorPositionGet
 .text.vexMotorGearingSet
                0x000000000380485c       0x20 /Applications/VEXcode Pro V5.app/Contents/Resources/sdk/vexv5/libv5rt.a(v5_apiuser.c.obj)
                0x000000000380485c                vexMotorGearingSet
 .text.vexMotorGearingGet
                0x000000000380487c       0x18 /Applications/VEXcode Pro V5.app/Contents/Resources/sdk/vexv5/libv5rt.a(v5_apiuser.c.obj)
                0x000000000380487c                vexMotorGearingGet
 .text.vexImuReset
                0x0000000003804894       0x10 /Applications/VEXcode Pro V5.app/Contents/Resources/sdk/vexv5/libv5rt.a(v5_apiuser.c.obj)
                0x0000000003804894                vexImuReset
 .text.vexImuHeadingGet
                0x00000000038048a4       0x10 /Applications/VEXcode Pro V5.app/Contents/Resources/sdk/vexv5/libv5rt.a(v5_apiuser.c.obj)
                0x00000000038048a4                vexImuHeadingGet
 .text.vexImuDegreesGet
                0x00000000038048b4       0x10 /Applications/VEXcode Pro V5.app/Contents/Resources/sdk/vexv5/libv5rt.a(v5_apiuser.c.obj)
                0x00000000038048b4                vexImuDegreesGet
 .text.vexImuStatusGet
                0x00000000038048c4       0x10 /Applications/VEXcode Pro V5.app/Contents/Resources/sdk/vexv5/libv5rt.a(v5_apiuser.c.obj)
                0x00000000038048c4                vexImuStatusGet
 .text.vexAbsEncPositionSet
                0x00000000038048d4       0x18 /Applications/VEXcode Pro V5.app/Contents/Resources/sdk/vexv5/libv5rt.a(v5_apiuser.c.obj)
                0x00000000038048d4                vexAbsEncPositionSet
 .text.vexAbsEncPositionGet
                0x00000000038048ec       0x10 /Applications/VEXcode Pro V5.app/Contents/Resources/sdk/vexv5/libv5rt.a(v5_apiuser.c.obj)
                0x00000000038048ec                vexAbsEncPositionGet
 .text.vexAbsEncAngleGet
                0x00000000038048fc       0x10 /Applications/VEXcode Pro V5.app/Contents/Resources/sdk/vexv5/libv5rt.a(v5_apiuser.c.obj)
                0x00000000038048fc                vexAbsEncAngleGet
 .text.vexAbsEncReverseFlagSet
                0x000000000380490c       0x18 /Applications/VEXcode Pro V5.app/Contents/Resources/sdk/vexv5/libv5rt.a(v5_apiuser.c.obj)
                0x000000000380490c                vexAbsEncReverseFlagSet
 .text.vexEventMaskSet
                0x0000000003804924       0x28 /Applications/VEXcode Pro V5.app/Contents/Resources/sdk/vexv5/libv5rt.a(v5_apiuser.c.obj)
                0x0000000003804924                vexEventMaskSet
 .text.vexEventMaskGet
                0x000000000380494c       0x18 /Applications/VEXcode Pro V5.app/Contents/Resources/sdk/vexv5/libv5rt.a(v5_apiuser.c.obj)
                0x000000000380494c                vexEventMaskGet
 .text._ZN3vex6deviceD2Ev
                0x0000000003804964        0x4 /Applications/VEXcode Pro V5.app/Contents/Resources/sdk/vexv5/libv5rt.a(vex_device.cpp.obj)
                0x0000000003804964                vex::device::~device()
                0x0000000003804964                vex::device::~device()
 .text._ZN3vex6device5valueEv
                0x0000000003804968        0x8 /Applications/VEXcode Pro V5.app/Contents/Resources/sdk/vexv5/libv5rt.a(vex_device.cpp.obj)
                0x0000000003804968                vex::device::value()
 .text._ZN3vex6deviceD0Ev
                0x0000000003804970       0x14 /Applications/VEXcode Pro V5.app/Contents/Resources/sdk/vexv5/libv5rt.a(vex_device.cpp.obj)
                0x0000000003804970                vex::device::~device()
 .text._ZN3vex6device4initEl
                0x0000000003804984       0x30 /Applications/VEXcode Pro V5.app/Contents/Resources/sdk/vexv5/libv5rt.a(vex_device.cpp.obj)
                0x0000000003804984                vex::device::init(long)
 .text._ZN3vex6deviceC2El
                0x00000000038049b4       0x20 /Applications/VEXcode Pro V5.app/Contents/Resources/sdk/vexv5/libv5rt.a(vex_device.cpp.obj)
                0x00000000038049b4                vex::device::device(long)
                0x00000000038049b4                vex::device::device(long)
 .text._ZN3vex6device4typeEv
                0x00000000038049d4       0x10 /Applications/VEXcode Pro V5.app/Contents/Resources/sdk/vexv5/libv5rt.a(vex_device.cpp.obj)
                0x00000000038049d4                vex::device::type()
 .text._ZN3vex6device9installedEv
                0x00000000038049e4       0x14 /Applications/VEXcode Pro V5.app/Contents/Resources/sdk/vexv5/libv5rt.a(vex_device.cpp.obj)
                0x00000000038049e4                vex::device::installed()
 .text.__libc_fini_array
                0x00000000038049f8       0x30 /Applications/VEXcode Pro V5.app/Contents/Resources/sdk/vexv5/gcc/libs/libc.a(lib_a-fini.o)
                0x00000000038049f8                __libc_fini_array
 .text.__libc_init_array
                0x0000000003804a28       0x58 /Applications/VEXcode Pro V5.app/Contents/Resources/sdk/vexv5/gcc/libs/libc.a(lib_a-init.o)
                0x0000000003804a28                __libc_init_array
 .text.__libc_init_array.__stub
                0x0000000003804a80       0x18 linker stubs
 *(.gnu.linkonce.t.*)
 *(.plt)
 *(.gnu_warning)
 *(.gcc_except_table)
 *(.glue_7)
 .glue_7        0x0000000003804a98        0x0 linker stubs
 *(.glue_7t)
 .glue_7t       0x0000000003804a98        0x0 linker stubs
 *(.vfp11_veneer)
 .vfp11_veneer  0x0000000003804a98        0x0 linker stubs
 *(.ARM.extab)
 *(.gnu.linkonce.armextab.*)

.v4_bx          0x0000000003804a98        0x0
 .v4_bx         0x0000000003804a98        0x0 linker stubs

.iplt           0x0000000003804a98        0x0
 .iplt          0x0000000003804a98        0x0 build/src/auton-sets.o

.init
 *(.init)

.fini
 *(.fini)

.rodata         0x0000000003804a98      0x20c
                0x0000000003804a98                __rodata_start = .
 *(.rodata)
 *(.rodata.*)
 .rodata.str1.1
                0x0000000003804a98        0x2 build/src/main.o
 .rodata.str1.1
                0x0000000003804a9a        0x4 build/src/robot-config.o
 .rodata.str1.1
                0x0000000003804a9e       0x13 build/src/8059SimplePIDSrc/Control.o
 *fill*         0x0000000003804ab1        0x7 
 .rodata.inPerDeg
                0x0000000003804ab8        0x8 build/src/8059SimplePIDSrc/Odom.o
                0x0000000003804ab8                inPerDeg
 .rodata.str1.1
                0x0000000003804ac0       0x2e /Applications/VEXcode Pro V5.app/Contents/Resources/sdk/vexv5/libv5rt.a(v5_startup.c.obj)
 *fill*         0x0000000003804aee        0x2 
 .rodata._ZN3vex6PORT20E
                0x0000000003804af0        0x4 /Applications/VEXcode Pro V5.app/Contents/Resources/sdk/vexv5/libv5rt.a(vex_global.cpp.obj)
                0x0000000003804af0                vex::PORT20
 .rodata._ZN3vex3fwdE
                0x0000000003804af4        0x4 /Applications/VEXcode Pro V5.app/Contents/Resources/sdk/vexv5/libv5rt.a(vex_global.cpp.obj)
                0x0000000003804af4                vex::fwd
 .rodata._ZN3vex5PORT3E
                0x0000000003804af8        0x4 /Applications/VEXcode Pro V5.app/Contents/Resources/sdk/vexv5/libv5rt.a(vex_global.cpp.obj)
                0x0000000003804af8                vex::PORT3
 .rodata._ZN3vex5PORT1E
                0x0000000003804afc        0x4 /Applications/VEXcode Pro V5.app/Contents/Resources/sdk/vexv5/libv5rt.a(vex_global.cpp.obj)
                0x0000000003804afc                vex::PORT1
 .rodata._ZN3vex6PORT10E
                0x0000000003804b00        0x4 /Applications/VEXcode Pro V5.app/Contents/Resources/sdk/vexv5/libv5rt.a(vex_global.cpp.obj)
                0x0000000003804b00                vex::PORT10
 .rodata._ZN3vex5PORT5E
                0x0000000003804b04        0x4 /Applications/VEXcode Pro V5.app/Contents/Resources/sdk/vexv5/libv5rt.a(vex_global.cpp.obj)
                0x0000000003804b04                vex::PORT5
 .rodata._ZN3vex3pctE
                0x0000000003804b08        0x4 /Applications/VEXcode Pro V5.app/Contents/Resources/sdk/vexv5/libv5rt.a(vex_global.cpp.obj)
                0x0000000003804b08                vex::pct
 .rodata._ZN3vex4msecE
                0x0000000003804b0c        0x4 /Applications/VEXcode Pro V5.app/Contents/Resources/sdk/vexv5/libv5rt.a(vex_global.cpp.obj)
                0x0000000003804b0c                vex::msec
 .rodata._ZN3vex9ratio36_1E
                0x0000000003804b10        0x4 /Applications/VEXcode Pro V5.app/Contents/Resources/sdk/vexv5/libv5rt.a(vex_global.cpp.obj)
                0x0000000003804b10                vex::ratio36_1
 .rodata._ZN3vex6PORT11E
                0x0000000003804b14        0x4 /Applications/VEXcode Pro V5.app/Contents/Resources/sdk/vexv5/libv5rt.a(vex_global.cpp.obj)
                0x0000000003804b14                vex::PORT11
 .rodata._ZN3vex5PORT6E
                0x0000000003804b18        0x4 /Applications/VEXcode Pro V5.app/Contents/Resources/sdk/vexv5/libv5rt.a(vex_global.cpp.obj)
                0x0000000003804b18                vex::PORT6
 .rodata._ZN3vex7primaryE
                0x0000000003804b1c        0x4 /Applications/VEXcode Pro V5.app/Contents/Resources/sdk/vexv5/libv5rt.a(vex_global.cpp.obj)
                0x0000000003804b1c                vex::primary
 .rodata._ZN3vex3degE
                0x0000000003804b20        0x4 /Applications/VEXcode Pro V5.app/Contents/Resources/sdk/vexv5/libv5rt.a(vex_global.cpp.obj)
                0x0000000003804b20                vex::deg
 .rodata._ZN3vex6PORT19E
                0x0000000003804b24        0x4 /Applications/VEXcode Pro V5.app/Contents/Resources/sdk/vexv5/libv5rt.a(vex_global.cpp.obj)
                0x0000000003804b24                vex::PORT19
 .rodata._ZN3vex6PORT22E
                0x0000000003804b28        0x4 /Applications/VEXcode Pro V5.app/Contents/Resources/sdk/vexv5/libv5rt.a(vex_global.cpp.obj)
                0x0000000003804b28                vex::PORT22
 .rodata._ZN3vex4holdE
                0x0000000003804b2c        0x4 /Applications/VEXcode Pro V5.app/Contents/Resources/sdk/vexv5/libv5rt.a(vex_global.cpp.obj)
                0x0000000003804b2c                vex::hold
 .rodata._ZN3vex5PORT7E
                0x0000000003804b30        0x4 /Applications/VEXcode Pro V5.app/Contents/Resources/sdk/vexv5/libv5rt.a(vex_global.cpp.obj)
                0x0000000003804b30                vex::PORT7
 .rodata._ZN3vex5PORT4E
                0x0000000003804b34        0x4 /Applications/VEXcode Pro V5.app/Contents/Resources/sdk/vexv5/libv5rt.a(vex_global.cpp.obj)
                0x0000000003804b34                vex::PORT4
 .rodata._ZN3vex5PORT8E
                0x0000000003804b38        0x4 /Applications/VEXcode Pro V5.app/Contents/Resources/sdk/vexv5/libv5rt.a(vex_global.cpp.obj)
                0x0000000003804b38                vex::PORT8
 .rodata._ZN3vex9ratio18_1E
                0x0000000003804b3c        0x4 /Applications/VEXcode Pro V5.app/Contents/Resources/sdk/vexv5/libv5rt.a(vex_global.cpp.obj)
                0x0000000003804b3c                vex::ratio18_1
 .rodata._ZTVN3vex5motorE
                0x0000000003804b40       0x18 /Applications/VEXcode Pro V5.app/Contents/Resources/sdk/vexv5/libv5rt.a(vex_motor.cpp.obj)
                0x0000000003804b40                vtable for vex::motor
 .rodata._ZTVN3vex8inertialE
                0x0000000003804b58       0x60 /Applications/VEXcode Pro V5.app/Contents/Resources/sdk/vexv5/libv5rt.a(vex_imu.cpp.obj)
                0x0000000003804b58                vtable for vex::inertial
 .rodata._ZTVN3vex8rotationE
                0x0000000003804bb8       0x18 /Applications/VEXcode Pro V5.app/Contents/Resources/sdk/vexv5/libv5rt.a(vex_rotation.cpp.obj)
                0x0000000003804bb8                vtable for vex::rotation
 .rodata.str1.1
                0x0000000003804bd0       0x1f /Applications/VEXcode Pro V5.app/Contents/Resources/sdk/vexv5/libv5rt.a(vex_controller.cpp.obj)
                                         0x20 (size before relaxing)
 .rodata.CSWTCH.16
                0x0000000003804bef        0xb /Applications/VEXcode Pro V5.app/Contents/Resources/sdk/vexv5/libv5rt.a(vex_controller.cpp.obj)
 .rodata.CSWTCH.18
                0x0000000003804bfa        0xb /Applications/VEXcode Pro V5.app/Contents/Resources/sdk/vexv5/libv5rt.a(vex_controller.cpp.obj)
 .rodata.CSWTCH.24
                0x0000000003804c05        0x3 /Applications/VEXcode Pro V5.app/Contents/Resources/sdk/vexv5/libv5rt.a(vex_controller.cpp.obj)
 .rodata.str1.1
                0x0000000003804c08       0x14 /Applications/VEXcode Pro V5.app/Contents/Resources/sdk/vexv5/libv5rt.a(vex_task.cpp.obj)
 .rodata.str1.1
                0x0000000003804c1c       0x2d /Applications/VEXcode Pro V5.app/Contents/Resources/sdk/vexv5/libv5rt.a(vex_brain.cpp.obj)
 .rodata.CSWTCH.36
                0x0000000003804c49       0x10 /Applications/VEXcode Pro V5.app/Contents/Resources/sdk/vexv5/libv5rt.a(vex_triport.cpp.obj)
 *fill*         0x0000000003804c59        0x7 
 .rodata._ZTVN3vex7triportE
                0x0000000003804c60       0x18 /Applications/VEXcode Pro V5.app/Contents/Resources/sdk/vexv5/libv5rt.a(vex_triport.cpp.obj)
                0x0000000003804c60                vtable for vex::triport
 .rodata.CSWTCH.31
                0x0000000003804c78        0xe /Applications/VEXcode Pro V5.app/Contents/Resources/sdk/vexv5/libv5rt.a(vex_triport.cpp.obj)
 *fill*         0x0000000003804c86        0x2 
 .rodata._ZTVN3vex6deviceE
                0x0000000003804c88       0x18 /Applications/VEXcode Pro V5.app/Contents/Resources/sdk/vexv5/libv5rt.a(vex_device.cpp.obj)
                0x0000000003804c88                vtable for vex::device
 .rodata.str1.4
                0x0000000003804ca0        0x4 /Applications/VEXcode Pro V5.app/Contents/Resources/sdk/vexv5/gcc/libs/libc.a(lib_a-impure.o)
                                          0x2 (size before relaxing)
 *(.gnu.linkonce.r.*)
                0x0000000003804ca4                __rodata_end = .

.rodata1        0x0000000003804ca4        0x0
                0x0000000003804ca4                __rodata1_start = .
 *(.rodata1)
 *(.rodata1.*)
                0x0000000003804ca4                __rodata1_end = .

.sdata2         0x0000000003804ca4        0x0
                0x0000000003804ca4                __sdata2_start = .
 *(.sdata2)
 *(.sdata2.*)
 *(.gnu.linkonce.s2.*)
                0x0000000003804ca4                __sdata2_end = .

.sbss2          0x0000000003804ca4        0x0
                0x0000000003804ca4                __sbss2_start = .
 *(.sbss2)
 *(.sbss2.*)
 *(.gnu.linkonce.sb2.*)
                0x0000000003804ca4                __sbss2_end = .

.data           0x0000000003804ca8      0x4ac
                0x0000000003804ca8                __data_start = .
 *(.data)
 *(.data.*)
 .data.tarliftPos
                0x0000000003804ca8        0x4 build/src/mech-lib.o
                0x0000000003804ca8                tarliftPos
 .data.potRange
                0x0000000003804cac        0x4 build/src/mech-lib.o
                0x0000000003804cac                potRange
 .data.t        0x0000000003804cb0        0x1 build/src/mech-lib.o
                0x0000000003804cb0                t
 *fill*         0x0000000003804cb1        0x7 
 .data.DEFAULT_KP
                0x0000000003804cb8        0x8 build/src/8059SimplePIDSrc/Control.o
                0x0000000003804cb8                DEFAULT_KP
 .data.DEFAULT_KD
                0x0000000003804cc0        0x8 build/src/8059SimplePIDSrc/Control.o
                0x0000000003804cc0                DEFAULT_KD
 .data.FMG_KP   0x0000000003804cc8        0x8 build/src/8059SimplePIDSrc/Control.o
                0x0000000003804cc8                FMG_KP
 .data.FMG_KD   0x0000000003804cd0        0x8 build/src/8059SimplePIDSrc/Control.o
                0x0000000003804cd0                FMG_KD
 .data.FMGS_KP  0x0000000003804cd8        0x8 build/src/8059SimplePIDSrc/Control.o
                0x0000000003804cd8                FMGS_KP
 .data.FMGS_KD  0x0000000003804ce0        0x8 build/src/8059SimplePIDSrc/Control.o
                0x0000000003804ce0                FMGS_KD
 .data.BMG_KP   0x0000000003804ce8        0x8 build/src/8059SimplePIDSrc/Control.o
                0x0000000003804ce8                BMG_KP
 .data.BMG_KD   0x0000000003804cf0        0x8 build/src/8059SimplePIDSrc/Control.o
                0x0000000003804cf0                BMG_KD
 .data.FMG_TURN_KP
                0x0000000003804cf8        0x8 build/src/8059SimplePIDSrc/Control.o
                0x0000000003804cf8                FMG_TURN_KP
 .data.FMG_TURN_KD
                0x0000000003804d00        0x8 build/src/8059SimplePIDSrc/Control.o
                0x0000000003804d00                FMG_TURN_KD
 .data.BMG_TURN_KP
                0x0000000003804d08        0x8 build/src/8059SimplePIDSrc/Control.o
                0x0000000003804d08                BMG_TURN_KP
 .data.BMGFR_TURN_KP
                0x0000000003804d10        0x8 build/src/8059SimplePIDSrc/Control.o
                0x0000000003804d10                BMGFR_TURN_KP
 .data.ang      0x0000000003804d18        0x8 build/src/8059SimplePIDSrc/Sensors.o
                0x0000000003804d18                ang
 .data.appRunning
                0x0000000003804d20        0x4 /Applications/VEXcode Pro V5.app/Contents/Resources/sdk/vexv5/libv5rt.a(v5_startup.c.obj)
                0x0000000003804d20                appRunning
 .data._ZN3vex24__default_motor_velocityE
                0x0000000003804d24        0x4 /Applications/VEXcode Pro V5.app/Contents/Resources/sdk/vexv5/libv5rt.a(vex_motor.cpp.obj)
                0x0000000003804d24                vex::__default_motor_velocity
 .data.impure_data
                0x0000000003804d28      0x428 /Applications/VEXcode Pro V5.app/Contents/Resources/sdk/vexv5/gcc/libs/libc.a(lib_a-impure.o)
 .data._impure_ptr
                0x0000000003805150        0x4 /Applications/VEXcode Pro V5.app/Contents/Resources/sdk/vexv5/gcc/libs/libc.a(lib_a-impure.o)
                0x0000000003805150                _impure_ptr
 *(.gnu.linkonce.d.*)
 *(.jcr)
 *(.got)
 *(.got.plt)
                0x0000000003805154                __data_end = .

.igot.plt       0x0000000003805154        0x0
 .igot.plt      0x0000000003805154        0x0 build/src/auton-sets.o

.data1          0x0000000003805154        0x0
                0x0000000003805154                __data1_start = .
 *(.data1)
 *(.data1.*)
                0x0000000003805154                __data1_end = .

.got
 *(.got)

.ctors          0x0000000003805154        0x0
                0x0000000003805154                __CTOR_LIST__ = .
                0x0000000003805154                ___CTORS_LIST___ = .
 *crtbegin.o(.ctors)
 *(EXCLUDE_FILE(*crtend.o) .ctors)
 *(SORT_BY_NAME(.ctors.*))
 *(.ctors)
                0x0000000003805154                __CTOR_END__ = .
                0x0000000003805154                ___CTORS_END___ = .

.dtors          0x0000000003805154        0x0
                0x0000000003805154                __DTOR_LIST__ = .
                0x0000000003805154                ___DTORS_LIST___ = .
 *crtbegin.o(.dtors)
 *(EXCLUDE_FILE(*crtend.o) .dtors)
 *(SORT_BY_NAME(.dtors.*))
 *(.dtors)
                0x0000000003805154                __DTOR_END__ = .
                0x0000000003805154                ___DTORS_END___ = .

.fixup          0x0000000003805154        0x0
                0x0000000003805154                __fixup_start = .
 *(.fixup)
                0x0000000003805154                __fixup_end = .

.eh_frame
 *(.eh_frame)

.eh_framehdr    0x0000000003805154        0x0
                0x0000000003805154                __eh_framehdr_start = .
 *(.eh_framehdr)
                0x0000000003805154                __eh_framehdr_end = .

.gcc_except_table
 *(.gcc_except_table)

.mmu_tbl        0x0000000003808000        0x0
                0x0000000003808000                __mmu_tbl_start = .
 *(.mmu_tbl)
                0x0000000003808000                __mmu_tbl_end = .

.ARM.exidx      0x0000000003805154        0x8
                0x0000000003805154                __exidx_start = .
 *(.ARM.exidx*)
 .ARM.exidx.text._Z6skillsv
                0x0000000003805154        0x8 build/src/auton-sets.o
 .ARM.exidx.text._Z4testv
                0x000000000380515c        0x0 build/src/auton-sets.o
                                          0x8 (size before relaxing)
 .ARM.exidx.text._Z10autonomousv
                0x000000000380515c        0x0 build/src/main.o
                                          0x8 (size before relaxing)
 .ARM.exidx.text._Z11usercontrolv
                0x000000000380515c        0x0 build/src/main.o
                                          0x8 (size before relaxing)
 .ARM.exidx.text.main
                0x000000000380515c        0x0 build/src/main.o
                                          0x8 (size before relaxing)
 .ARM.exidx.text._GLOBAL__sub_I_main.cpp
                0x000000000380515c        0x0 build/src/main.o
                                          0x8 (size before relaxing)
 .ARM.exidx.text._Z4lifti
                0x000000000380515c        0x0 build/src/mech-lib.o
                                          0x8 (size before relaxing)
 .ARM.exidx.text._Z6twoBarb
                0x000000000380515c        0x0 build/src/mech-lib.o
                                          0x8 (size before relaxing)
 .ARM.exidx.text._Z8frontMOGb
                0x000000000380515c        0x0 build/src/mech-lib.o
                                          0x8 (size before relaxing)
 .ARM.exidx.text._Z4hangv
                0x000000000380515c        0x0 build/src/mech-lib.o
                                          0x8 (size before relaxing)
 .ARM.exidx.text._Z8waitLiftv
                0x000000000380515c        0x0 build/src/mech-lib.o
                                          0x8 (size before relaxing)
 .ARM.exidx.text._Z4Liftv
                0x000000000380515c        0x0 build/src/mech-lib.o
                                          0x8 (size before relaxing)
 .ARM.exidx.text._ZN3vex11motor_groupC2IJNS_5motorES2_EEERS2_DpRT_
                0x000000000380515c        0x0 build/src/robot-config.o
                                          0x8 (size before relaxing)
 .ARM.exidx.text._Z11vexcodeInitv
                0x000000000380515c        0x0 build/src/robot-config.o
                                          0x8 (size before relaxing)
 .ARM.exidx.text._GLOBAL__sub_I_robot_config.cpp
                0x000000000380515c        0x0 build/src/robot-config.o
                                          0x8 (size before relaxing)
 .ARM.exidx.text._Z8baseMoveddd
                0x000000000380515c        0x0 build/src/8059SimplePIDSrc/Control.o
                                          0x8 (size before relaxing)
 .ARM.exidx.text._Z8baseTurnddd
                0x000000000380515c        0x0 build/src/8059SimplePIDSrc/Control.o
                                          0x8 (size before relaxing)
 .ARM.exidx.text._Z11resetCoordsddd
                0x000000000380515c        0x0 build/src/8059SimplePIDSrc/Control.o
                                          0x8 (size before relaxing)
 .ARM.exidx.text._Z8waitBased
                0x000000000380515c        0x0 build/src/8059SimplePIDSrc/Control.o
                                          0x8 (size before relaxing)
 .ARM.exidx.text._Z7Controlv
                0x000000000380515c        0x0 build/src/8059SimplePIDSrc/Control.o
                                          0x8 (size before relaxing)
 .ARM.exidx.text._Z8resetRotv
                0x000000000380515c        0x0 build/src/8059SimplePIDSrc/Control.o
                                          0x8 (size before relaxing)
 .ARM.exidx.text._GLOBAL__sub_I_Control.cpp
                0x000000000380515c        0x0 build/src/8059SimplePIDSrc/Control.o
                                          0x8 (size before relaxing)
 .ARM.exidx.text._Z6abscapdd
                0x000000000380515c        0x0 build/src/8059SimplePIDSrc/Math.o
                                          0x8 (size before relaxing)
 .ARM.exidx.text._Z9setCoordsddd
                0x000000000380515c        0x0 build/src/8059SimplePIDSrc/Odom.o
                                          0x8 (size before relaxing)
 .ARM.exidx.text._Z8Odometryv
                0x000000000380515c        0x0 build/src/8059SimplePIDSrc/Odom.o
                                          0x8 (size before relaxing)
 .ARM.exidx.text._Z13resetPrevEncdv
                0x000000000380515c        0x0 build/src/8059SimplePIDSrc/Odom.o
                                          0x8 (size before relaxing)
 .ARM.exidx.text._Z7Sensorsv
                0x000000000380515c        0x0 build/src/8059SimplePIDSrc/Sensors.o
                                          0x8 (size before relaxing)
 *(.gnu.linkonce.armexidix.*.*)
                0x000000000380515c                __exidx_end = .

.rel.dyn        0x000000000380515c        0x0
 .rel.iplt      0x000000000380515c        0x0 build/src/auton-sets.o

.preinit_array  0x000000000380515c        0x0
                0x000000000380515c                __preinit_array_start = .
 *(SORT_BY_NAME(.preinit_array.*))
 *(.preinit_array)
                0x000000000380515c                __preinit_array_end = .

.init_array     0x000000000380515c       0x14
                0x000000000380515c                __init_array_start = .
 *(SORT_BY_NAME(.init_array.*))
 *(.init_array)
 .init_array    0x000000000380515c        0x4 build/src/main.o
 .init_array    0x0000000003805160        0x4 build/src/robot-config.o
 .init_array    0x0000000003805164        0x4 build/src/8059SimplePIDSrc/Control.o
 .init_array    0x0000000003805168        0x4 /Applications/VEXcode Pro V5.app/Contents/Resources/sdk/vexv5/libv5rt.a(vex_triport.cpp.obj)
 .init_array    0x000000000380516c        0x4 /Applications/VEXcode Pro V5.app/Contents/Resources/sdk/vexv5/libv5rt.a(vex_color.cpp.obj)
                0x0000000003805170                __init_array_end = .

.fini_array     0x0000000003805170        0x0
                0x0000000003805170                __fini_array_start = .
 *(SORT_BY_NAME(.fini_array.*))
 *(.fini_array)
                0x0000000003805170                __fini_array_end = .

.ARM.attributes
                0x0000000003805170       0x3c
                0x0000000003805170                __ARM.attributes_start = .
 *(.ARM.attributes)
 .ARM.attributes
                0x0000000003805170       0x3a build/src/auton-sets.o
 .ARM.attributes
                0x00000000038051aa       0x3a build/src/main.o
 .ARM.attributes
                0x00000000038051e4       0x3a build/src/mech-lib.o
 .ARM.attributes
                0x000000000380521e       0x3a build/src/robot-config.o
 .ARM.attributes
                0x0000000003805258       0x3a build/src/8059SimplePIDSrc/Control.o
 .ARM.attributes
                0x0000000003805292       0x3a build/src/8059SimplePIDSrc/Math.o
 .ARM.attributes
                0x00000000038052cc       0x3a build/src/8059SimplePIDSrc/Odom.o
 .ARM.attributes
                0x0000000003805306       0x3a build/src/8059SimplePIDSrc/Sensors.o
 .ARM.attributes
                0x0000000003805340       0x35 /Applications/VEXcode Pro V5.app/Contents/Resources/sdk/vexv5/libv5rt.a(v5_startup.c.obj)
 .ARM.attributes
                0x0000000003805375       0x35 /Applications/VEXcode Pro V5.app/Contents/Resources/sdk/vexv5/libv5rt.a(v5_util.c.obj)
 .ARM.attributes
                0x00000000038053aa       0x35 /Applications/VEXcode Pro V5.app/Contents/Resources/sdk/vexv5/libv5rt.a(v5_apijump.c.obj)
 .ARM.attributes
                0x00000000038053df       0x35 /Applications/VEXcode Pro V5.app/Contents/Resources/sdk/vexv5/libv5rt.a(v5_apiversions.c.obj)
 .ARM.attributes
                0x0000000003805414       0x35 /Applications/VEXcode Pro V5.app/Contents/Resources/sdk/vexv5/libv5rt.a(vex_global.cpp.obj)
 .ARM.attributes
                0x0000000003805449       0x35 /Applications/VEXcode Pro V5.app/Contents/Resources/sdk/vexv5/libv5rt.a(vex_motor.cpp.obj)
 .ARM.attributes
                0x000000000380547e       0x35 /Applications/VEXcode Pro V5.app/Contents/Resources/sdk/vexv5/libv5rt.a(vex_imu.cpp.obj)
 .ARM.attributes
                0x00000000038054b3       0x35 /Applications/VEXcode Pro V5.app/Contents/Resources/sdk/vexv5/libv5rt.a(vex_rotation.cpp.obj)
 .ARM.attributes
                0x00000000038054e8       0x35 /Applications/VEXcode Pro V5.app/Contents/Resources/sdk/vexv5/libv5rt.a(vex_controller.cpp.obj)
 .ARM.attributes
                0x000000000380551d       0x35 /Applications/VEXcode Pro V5.app/Contents/Resources/sdk/vexv5/libv5rt.a(vex_task.cpp.obj)
 .ARM.attributes
                0x0000000003805552       0x35 /Applications/VEXcode Pro V5.app/Contents/Resources/sdk/vexv5/libv5rt.a(vex_thread.cpp.obj)
 .ARM.attributes
                0x0000000003805587       0x35 /Applications/VEXcode Pro V5.app/Contents/Resources/sdk/vexv5/libv5rt.a(vex_event.cpp.obj)
 .ARM.attributes
                0x00000000038055bc       0x35 /Applications/VEXcode Pro V5.app/Contents/Resources/sdk/vexv5/libv5rt.a(vex_mevent.cpp.obj)
 .ARM.attributes
                0x00000000038055f1       0x35 /Applications/VEXcode Pro V5.app/Contents/Resources/sdk/vexv5/libv5rt.a(vex_brain.cpp.obj)
 .ARM.attributes
                0x0000000003805626       0x35 /Applications/VEXcode Pro V5.app/Contents/Resources/sdk/vexv5/libv5rt.a(vex_competition.cpp.obj)
 .ARM.attributes
                0x000000000380565b       0x35 /Applications/VEXcode Pro V5.app/Contents/Resources/sdk/vexv5/libv5rt.a(vex_triport.cpp.obj)
 .ARM.attributes
                0x0000000003805690       0x35 /Applications/VEXcode Pro V5.app/Contents/Resources/sdk/vexv5/libv5rt.a(vex_color.cpp.obj)
 .ARM.attributes
                0x00000000038056c5       0x35 /Applications/VEXcode Pro V5.app/Contents/Resources/sdk/vexv5/libv5rt.a(vex_timer.cpp.obj)
 .ARM.attributes
                0x00000000038056fa       0x35 /Applications/VEXcode Pro V5.app/Contents/Resources/sdk/vexv5/libv5rt.a(vex_motorgroup.cpp.obj)
 .ARM.attributes
                0x000000000380572f       0x35 /Applications/VEXcode Pro V5.app/Contents/Resources/sdk/vexv5/libv5rt.a(v5_apiuser.c.obj)
 .ARM.attributes
                0x0000000003805764       0x35 /Applications/VEXcode Pro V5.app/Contents/Resources/sdk/vexv5/libv5rt.a(vex_device.cpp.obj)
 .ARM.attributes
                0x0000000003805799       0x2b /Applications/VEXcode Pro V5.app/Contents/Resources/sdk/vexv5/gcc/libs/libc.a(lib_a-fini.o)
 .ARM.attributes
                0x00000000038057c4       0x2b /Applications/VEXcode Pro V5.app/Contents/Resources/sdk/vexv5/gcc/libs/libc.a(lib_a-impure.o)
 .ARM.attributes
                0x00000000038057ef       0x2b /Applications/VEXcode Pro V5.app/Contents/Resources/sdk/vexv5/gcc/libs/libc.a(lib_a-init.o)
                0x000000000380581a                __ARM.attributes_end = .

.sdata          0x0000000003805170        0x0
                0x0000000003805170                __sdata_start = .
 *(.sdata)
 *(.sdata.*)
 *(.gnu.linkonce.s.*)
                0x0000000003805170                __sdata_end = .

.sbss           0x0000000003805170        0x0
                0x0000000003805170                __sbss_start = .
 *(.sbss)
 *(.sbss.*)
 *(.gnu.linkonce.sb.*)
                0x0000000003805170                __sbss_end = .

.tdata          0x0000000003805170        0x0
                0x0000000003805170                __tdata_start = .
 *(.tdata)
 *(.tdata.*)
 *(.gnu.linkonce.td.*)
                0x0000000003805170                __tdata_end = .

.tbss           0x0000000003805170        0x0
                0x0000000003805170                __tbss_start = .
 *(.tbss)
 *(.tbss.*)
 *(.gnu.linkonce.tb.*)
                0x0000000003805170                __tbss_end = .

.bss            0x0000000003805170      0x88d
                0x0000000003805170                __bss_start = .
 *(.bss)
 *(.bss.*)
 .bss.Competition
                0x0000000003805170       0x28 build/src/main.o
                0x0000000003805170                Competition
 .bss.liftPos   0x0000000003805198        0x4 build/src/mech-lib.o
                0x0000000003805198                liftPos
 .bss.potDiff   0x000000000380519c        0x4 build/src/mech-lib.o
                0x000000000380519c                potDiff
 .bss.lifting   0x00000000038051a0        0x1 build/src/mech-lib.o
                0x00000000038051a0                lifting
 .bss.f         0x00000000038051a1        0x1 build/src/mech-lib.o
                0x00000000038051a1                f
 *fill*         0x00000000038051a2        0x2 
 .bss.Brain     0x00000000038051a4      0x2bc build/src/robot-config.o
                0x00000000038051a4                Brain
 .bss.leftFront
                0x0000000003805460       0x24 build/src/robot-config.o
                0x0000000003805460                leftFront
 .bss.leftMid   0x0000000003805484       0x24 build/src/robot-config.o
                0x0000000003805484                leftMid
 .bss.leftBack  0x00000000038054a8       0x24 build/src/robot-config.o
                0x00000000038054a8                leftBack
 .bss.rightFront
                0x00000000038054cc       0x24 build/src/robot-config.o
                0x00000000038054cc                rightFront
 .bss.rightMid  0x00000000038054f0       0x24 build/src/robot-config.o
                0x00000000038054f0                rightMid
 .bss.rightBack
                0x0000000003805514       0x24 build/src/robot-config.o
                0x0000000003805514                rightBack
 .bss.leftBase  0x0000000003805538       0x48 build/src/robot-config.o
                0x0000000003805538                leftBase
 .bss.rightBase
                0x0000000003805580       0x48 build/src/robot-config.o
                0x0000000003805580                rightBase
 .bss.leftLift  0x00000000038055c8       0x24 build/src/robot-config.o
                0x00000000038055c8                leftLift
 .bss.rightLift
                0x00000000038055ec       0x24 build/src/robot-config.o
                0x00000000038055ec                rightLift
 .bss.twoBarL   0x0000000003805610       0x18 build/src/robot-config.o
                0x0000000003805610                twoBarL
 .bss.twoBarR   0x0000000003805628       0x18 build/src/robot-config.o
                0x0000000003805628                twoBarR
 .bss.frontMogo
                0x0000000003805640       0x18 build/src/robot-config.o
                0x0000000003805640                frontMogo
 .bss.latch     0x0000000003805658       0x18 build/src/robot-config.o
                0x0000000003805658                latch
 .bss.rot_lb    0x0000000003805670       0x10 build/src/robot-config.o
                0x0000000003805670                rot_lb
 .bss.rot_rb    0x0000000003805680       0x10 build/src/robot-config.o
                0x0000000003805680                rot_rb
 .bss.pot_lift  0x0000000003805690       0x1c build/src/robot-config.o
                0x0000000003805690                pot_lift
 *fill*         0x00000000038056ac        0x4 
 .bss.imu       0x00000000038056b0       0x30 build/src/robot-config.o
                0x00000000038056b0                imu
 .bss.Timer     0x00000000038056e0        0x8 build/src/robot-config.o
                0x00000000038056e0                Timer
 .bss.Controller1
                0x00000000038056e8      0x1e0 build/src/robot-config.o
                0x00000000038056e8                Controller1
 .bss.BMG_TURN_KD
                0x00000000038058c8        0x8 build/src/8059SimplePIDSrc/Control.o
                0x00000000038058c8                BMG_TURN_KD
 .bss.BMGFR_TURN_KD
                0x00000000038058d0        0x8 build/src/8059SimplePIDSrc/Control.o
                0x00000000038058d0                BMGFR_TURN_KD
 .bss.targEncdL
                0x00000000038058d8        0x8 build/src/8059SimplePIDSrc/Control.o
                0x00000000038058d8                targEncdL
 .bss.targEncdR
                0x00000000038058e0        0x8 build/src/8059SimplePIDSrc/Control.o
                0x00000000038058e0                targEncdR
 .bss.targBearing
                0x00000000038058e8        0x8 build/src/8059SimplePIDSrc/Control.o
                0x00000000038058e8                targBearing
 .bss.errorEncdL
                0x00000000038058f0        0x8 build/src/8059SimplePIDSrc/Control.o
                0x00000000038058f0                errorEncdL
 .bss.errorEncdR
                0x00000000038058f8        0x8 build/src/8059SimplePIDSrc/Control.o
                0x00000000038058f8                errorEncdR
 .bss.errorBearing
                0x0000000003805900        0x8 build/src/8059SimplePIDSrc/Control.o
                0x0000000003805900                errorBearing
 .bss.powerL    0x0000000003805908        0x8 build/src/8059SimplePIDSrc/Control.o
                0x0000000003805908                powerL
 .bss.powerR    0x0000000003805910        0x8 build/src/8059SimplePIDSrc/Control.o
                0x0000000003805910                powerR
 .bss.targPowerL
                0x0000000003805918        0x8 build/src/8059SimplePIDSrc/Control.o
                0x0000000003805918                targPowerL
 .bss.targPowerR
                0x0000000003805920        0x8 build/src/8059SimplePIDSrc/Control.o